Archive member included to satisfy reference by file (symbol)

C:/Users/R2/.pico-sdk/toolchain/13_3_Rel1/bin/../lib/gcc/arm-none-eabi/13.3.1/thumb/v6-m/nofp\libgcc.a(_dvmd_tls.o)
                              CMakeFiles/bitchordlab.dir/C_/Users/R2/.pico-sdk/sdk/1.5.1/src/rp2_common/pico_divider/divider.S.obj (__aeabi_idiv0)
C:/Users/R2/.pico-sdk/toolchain/13_3_Rel1/bin/../lib/gcc/arm-none-eabi/13.3.1/thumb/v6-m/nofp\libg.a(libc_a-calloc.o)
                              CMakeFiles/bitchordlab.dir/C_/Users/R2/.pico-sdk/sdk/1.5.1/src/rp2_common/pico_malloc/pico_malloc.c.obj (calloc)
C:/Users/R2/.pico-sdk/toolchain/13_3_Rel1/bin/../lib/gcc/arm-none-eabi/13.3.1/thumb/v6-m/nofp\libg.a(libc_a-callocr.o)
                              C:/Users/R2/.pico-sdk/toolchain/13_3_Rel1/bin/../lib/gcc/arm-none-eabi/13.3.1/thumb/v6-m/nofp\libg.a(libc_a-calloc.o) (_calloc_r)
C:/Users/R2/.pico-sdk/toolchain/13_3_Rel1/bin/../lib/gcc/arm-none-eabi/13.3.1/thumb/v6-m/nofp\libg.a(libc_a-malloc.o)
                              CMakeFiles/bitchordlab.dir/C_/Users/R2/.pico-sdk/sdk/1.5.1/src/rp2_common/pico_malloc/pico_malloc.c.obj (malloc)
C:/Users/R2/.pico-sdk/toolchain/13_3_Rel1/bin/../lib/gcc/arm-none-eabi/13.3.1/thumb/v6-m/nofp\libg.a(libc_a-mallocr.o)
                              C:/Users/R2/.pico-sdk/toolchain/13_3_Rel1/bin/../lib/gcc/arm-none-eabi/13.3.1/thumb/v6-m/nofp\libg.a(libc_a-callocr.o) (_malloc_r)
C:/Users/R2/.pico-sdk/toolchain/13_3_Rel1/bin/../lib/gcc/arm-none-eabi/13.3.1/thumb/v6-m/nofp\libg.a(libc_a-mlock.o)
                              C:/Users/R2/.pico-sdk/toolchain/13_3_Rel1/bin/../lib/gcc/arm-none-eabi/13.3.1/thumb/v6-m/nofp\libg.a(libc_a-mallocr.o) (__malloc_lock)
C:/Users/R2/.pico-sdk/toolchain/13_3_Rel1/bin/../lib/gcc/arm-none-eabi/13.3.1/thumb/v6-m/nofp\libg.a(libc_a-realloc.o)
                              CMakeFiles/bitchordlab.dir/C_/Users/R2/.pico-sdk/sdk/1.5.1/src/rp2_common/pico_malloc/pico_malloc.c.obj (realloc)
C:/Users/R2/.pico-sdk/toolchain/13_3_Rel1/bin/../lib/gcc/arm-none-eabi/13.3.1/thumb/v6-m/nofp\libg.a(libc_a-reallocr.o)
                              C:/Users/R2/.pico-sdk/toolchain/13_3_Rel1/bin/../lib/gcc/arm-none-eabi/13.3.1/thumb/v6-m/nofp\libg.a(libc_a-realloc.o) (_realloc_r)
C:/Users/R2/.pico-sdk/toolchain/13_3_Rel1/bin/../lib/gcc/arm-none-eabi/13.3.1/thumb/v6-m/nofp\libg.a(libc_a-ctype_.o)
                              CMakeFiles/bitchordlab.dir/inc/ssd1306_i2c.c.obj (_ctype_)
C:/Users/R2/.pico-sdk/toolchain/13_3_Rel1/bin/../lib/gcc/arm-none-eabi/13.3.1/thumb/v6-m/nofp\libg.a(libc_a-memmove.o)
                              C:/Users/R2/.pico-sdk/toolchain/13_3_Rel1/bin/../lib/gcc/arm-none-eabi/13.3.1/thumb/v6-m/nofp\libg.a(libc_a-reallocr.o) (memmove)
C:/Users/R2/.pico-sdk/toolchain/13_3_Rel1/bin/../lib/gcc/arm-none-eabi/13.3.1/thumb/v6-m/nofp\libg.a(libc_a-impure.o)
                              C:/Users/R2/.pico-sdk/toolchain/13_3_Rel1/bin/../lib/gcc/arm-none-eabi/13.3.1/thumb/v6-m/nofp\libg.a(libc_a-calloc.o) (_impure_ptr)
C:/Users/R2/.pico-sdk/toolchain/13_3_Rel1/bin/../lib/gcc/arm-none-eabi/13.3.1/thumb/v6-m/nofp\libg.a(libc_a-sbrkr.o)
                              C:/Users/R2/.pico-sdk/toolchain/13_3_Rel1/bin/../lib/gcc/arm-none-eabi/13.3.1/thumb/v6-m/nofp\libg.a(libc_a-mallocr.o) (_sbrk_r)
C:/Users/R2/.pico-sdk/toolchain/13_3_Rel1/bin/../lib/gcc/arm-none-eabi/13.3.1/thumb/v6-m/nofp\libg.a(libc_a-errno.o)
                              C:/Users/R2/.pico-sdk/toolchain/13_3_Rel1/bin/../lib/gcc/arm-none-eabi/13.3.1/thumb/v6-m/nofp\libg.a(libc_a-callocr.o) (__errno)
C:/Users/R2/.pico-sdk/toolchain/13_3_Rel1/bin/../lib/gcc/arm-none-eabi/13.3.1/thumb/v6-m/nofp\libg.a(libc_a-init.o)
                              C:/Users/R2/.pico-sdk/toolchain/13_3_Rel1/bin/../lib/gcc/arm-none-eabi/13.3.1/thumb/v6-m/nofp/crt0.o (__libc_init_array)
C:/Users/R2/.pico-sdk/toolchain/13_3_Rel1/bin/../lib/gcc/arm-none-eabi/13.3.1/thumb/v6-m/nofp\libg.a(libc_a-lock.o)
                              C:/Users/R2/.pico-sdk/toolchain/13_3_Rel1/bin/../lib/gcc/arm-none-eabi/13.3.1/thumb/v6-m/nofp\libg.a(libc_a-mlock.o) (__retarget_lock_acquire_recursive)
C:/Users/R2/.pico-sdk/toolchain/13_3_Rel1/bin/../lib/gcc/arm-none-eabi/13.3.1/thumb/v6-m/nofp\libg.a(libc_a-sysconf.o)
                              C:/Users/R2/.pico-sdk/toolchain/13_3_Rel1/bin/../lib/gcc/arm-none-eabi/13.3.1/thumb/v6-m/nofp\libg.a(libc_a-mallocr.o) (sysconf)
C:/Users/R2/.pico-sdk/toolchain/13_3_Rel1/bin/../lib/gcc/arm-none-eabi/13.3.1/thumb/v6-m/nofp\libg.a(libc_a-strlen-stub.o)
                              CMakeFiles/bitchordlab.dir/C_/Users/R2/.pico-sdk/sdk/1.5.1/src/rp2_common/pico_stdio/stdio.c.obj (strlen)
C:/Users/R2/.pico-sdk/toolchain/13_3_Rel1/bin/../lib/gcc/arm-none-eabi/13.3.1/thumb/v6-m/nofp\libg.a(libc_a-freer.o)
                              C:/Users/R2/.pico-sdk/toolchain/13_3_Rel1/bin/../lib/gcc/arm-none-eabi/13.3.1/thumb/v6-m/nofp\libg.a(libc_a-malloc.o) (_free_r)
[...]
Memory Configuration

Name             Origin             Length             Attributes
FLASH            0x10000000         0x00200000         xr
RAM              0x20000000         0x00040000         xrw
SCRATCH_X        0x20040000         0x00001000         xrw
SCRATCH_Y        0x20041000         0x00001000         xrw
*default*        0x00000000         0xffffffff

Linker script and memory map

LOAD C:/Users/R2/.pico-sdk/toolchain/13_3_Rel1/bin/../lib/gcc/arm-none-eabi/13.3.1/thumb/v6-m/nofp/crti.o
LOAD C:/Users/R2/.pico-sdk/toolchain/13_3_Rel1/bin/../lib/gcc/arm-none-eabi/13.3.1/thumb/v6-m/nofp/crtbegin.o
LOAD C:/Users/R2/.pico-sdk/toolchain/13_3_Rel1/bin/../lib/gcc/arm-none-eabi/13.3.1/thumb/v6-m/nofp/crt0.o

.flash_begin    0x10000000        0x0
                0x10000000                        __flash_binary_start = .

.boot2          0x10000000      0x100
                0x10000000                        __boot2_start__ = .
 *(.boot2)
 .boot2         0x10000000      0x100 C:\Users\R2\AppData\Local\Temp\ccyPfTUK.o
                0x10000100                        __boot2_end__ = .
                0x00000001                        ASSERT (((__boot2_end__ - __boot2_start__) == 0x100), ERROR: Pico second stage bootloader must be 256 bytes in size)

.text           0x10000100     0x7e40
                0x10000100                        __logical_binary_start = .
 *(.vectors)
 .vectors       0x10000100       0xd4 CMakeFiles/bitchordlab.dir/C_/Users/R2/.pico-sdk/sdk/1.5.1/src/rp2_common/pico_standard_link/crt0.S.obj
                0x10000100                __VECTOR_TABLE
                0x10000100                __vectors
                0x100001c0                isr_invalid
                0x100001c0                __default_isrs_start
                0x100001c2                isr_nmi
                0x100001c4                isr_hardfault
                0x100001c6                isr_svcall
                0x100001c8                isr_pendsv
                0x100001ca                isr_systick
                0x100001cc                isr_irq23
                0x100001cc                isr_irq18
                0x100001cc                isr_irq11
                0x100001cc                isr_irq28
                0x100001cc                isr_irq19
                0x100001cc                isr_irq0
                0x100001cc                isr_irq6
                0x100001cc                isr_irq5
                0x100001cc                isr_irq12
                0x100001cc                isr_irq22
                0x100001cc                isr_irq31
                0x100001cc                isr_irq17
                0x100001cc                isr_irq27
                0x100001cc                isr_irq30
                0x100001cc                isr_irq2
                0x100001cc                isr_irq10
                0x100001cc                isr_irq8
                0x100001cc                isr_irq24
                0x100001cc                isr_irq1
                0x100001cc                isr_irq7
                0x100001cc                isr_irq21
                0x100001cc                isr_irq20
                0x100001cc                isr_irq15
                0x100001cc                isr_irq25
                0x100001cc                isr_irq13
                0x100001cc                __unhandled_user_irq
                0x100001cc                isr_irq4
                0x100001cc                isr_irq16
                0x100001cc                isr_irq29
                0x100001cc                isr_irq26
                0x100001cc                __default_isrs_end
                0x100001cc                isr_irq3
                0x100001cc                isr_irq14
                0x100001cc                isr_irq9
                0x100001d2                unhandled_user_irq_num_in_r0
 *(.binary_info_header)
 .binary_info_header
                0x100001d4       0x14 CMakeFiles/bitchordlab.dir/C_/Users/R2/.pico-sdk/sdk/1.5.1/src/rp2_common/pico_standard_link/crt0.S.obj
                0x100001e8                        __binary_info_header_end = .
 *(.reset)
 .reset         0x100001e8       0xa0 CMakeFiles/bitchordlab.dir/C_/Users/R2/.pico-sdk/sdk/1.5.1/src/rp2_common/pico_standard_link/crt0.S.obj
                0x100001e8                _entry_point
 .reset         0x10000288       0x30 CMakeFiles/bitchordlab.dir/C_/Users/R2/.pico-sdk/sdk/1.5.1/src/rp2_common/pico_standard_link/binary_info.c.obj
 *(.init)
 .init          0x100002b8        0x4 C:/Users/R2/.pico-sdk/toolchain/13_3_Rel1/bin/../lib/gcc/arm-none-eabi/13.3.1/thumb/v6-m/nofp/crti.o
                0x100002b8                _init
 *(EXCLUDE_FILE(*libm.a: *libc.a:*lib_a-mem*.o *libgcc.a:) .text*)
 .text.register_tm_clones
                0x100002bc       0x28 C:/Users/R2/.pico-sdk/toolchain/13_3_Rel1/bin/../lib/gcc/arm-none-eabi/13.3.1/thumb/v6-m/nofp/crtbegin.o
 .text.frame_dummy
                0x100002e4       0x24 C:/Users/R2/.pico-sdk/toolchain/13_3_Rel1/bin/../lib/gcc/arm-none-eabi/13.3.1/thumb/v6-m/nofp/crtbegin.o
 .text.sm_config_set_clkdiv
                0x10000308       0x3c CMakeFiles/bitchordlab.dir/bitchordlab.c.obj
 .text.pio_get_default_sm_config
                0x10000344       0x28 CMakeFiles/bitchordlab.dir/bitchordlab.c.obj
 .text.ws2818b_program_get_default_config
                0x1000036c       0x3c CMakeFiles/bitchordlab.dir/bitchordlab.c.obj
 .text.adc_gpio_init
                0x100003a8       0x1e CMakeFiles/bitchordlab.dir/bitchordlab.c.obj
 *fill*         0x100003c6        0x2 
 .text.ws2818b_program_init
                0x100003c8       0xb8 CMakeFiles/bitchordlab.dir/bitchordlab.c.obj
                0x100003c8                ws2818b_program_init
 .text.joystick_read_axis
                0x10000480       0x6c CMakeFiles/bitchordlab.dir/bitchordlab.c.obj
                0x10000480                joystick_read_axis
 .text.ssd1306_draw_filled_rect
                0x100004ec       0x44 CMakeFiles/bitchordlab.dir/bitchordlab.c.obj
                0x100004ec                ssd1306_draw_filled_rect
 .text.update_display
                0x10000530       0xc8 CMakeFiles/bitchordlab.dir/bitchordlab.c.obj
                0x10000530                update_display
 .text.npClear  0x100005f8       0x14 CMakeFiles/bitchordlab.dir/bitchordlab.c.obj
                0x100005f8                npClear
 .text.npInit   0x1000060c       0x50 CMakeFiles/bitchordlab.dir/bitchordlab.c.obj
                0x1000060c                npInit
 .text.npSetLED
                0x1000065c       0x9c CMakeFiles/bitchordlab.dir/bitchordlab.c.obj
                0x1000065c                npSetLED
 .text.npWrite  0x100006f8       0x74 CMakeFiles/bitchordlab.dir/bitchordlab.c.obj
                0x100006f8                npWrite
 .text.update_leds
                0x1000076c       0x60 CMakeFiles/bitchordlab.dir/bitchordlab.c.obj
                0x1000076c                update_leds
 .text.main     0x100007cc      0x200 CMakeFiles/bitchordlab.dir/bitchordlab.c.obj
                0x100007cc                main
 .text.calculate_render_area_buffer_length
                0x100009cc       0x16 CMakeFiles/bitchordlab.dir/inc/ssd1306_i2c.c.obj
                0x100009cc                calculate_render_area_buffer_length
 *fill*         0x100009e2        0x2 
 .text.ssd1306_send_command
                0x100009e4       0x24 CMakeFiles/bitchordlab.dir/inc/ssd1306_i2c.c.obj
                0x100009e4                ssd1306_send_command
 .text.ssd1306_send_command_list
                0x10000a08       0x18 CMakeFiles/bitchordlab.dir/inc/ssd1306_i2c.c.obj
                0x10000a08                ssd1306_send_command_list
 .text.ssd1306_send_buffer
                0x10000a20       0x40 CMakeFiles/bitchordlab.dir/inc/ssd1306_i2c.c.obj
                0x10000a20                ssd1306_send_buffer
 .text.ssd1306_init
                0x10000a60       0x2c CMakeFiles/bitchordlab.dir/inc/ssd1306_i2c.c.obj
                0x10000a60                ssd1306_init
 .text.render_on_display
                0x10000a8c       0x36 CMakeFiles/bitchordlab.dir/inc/ssd1306_i2c.c.obj
                0x10000a8c                render_on_display
 *fill*         0x10000ac2        0x2 
 .text.ssd1306_set_pixel
                0x10000ac4       0x5c CMakeFiles/bitchordlab.dir/inc/ssd1306_i2c.c.obj
                0x10000ac4                ssd1306_set_pixel
 .text.ssd1306_draw_char
                0x10000b20       0x70 CMakeFiles/bitchordlab.dir/inc/ssd1306_i2c.c.obj
                0x10000b20                ssd1306_draw_char
 .text.ssd1306_draw_string
                0x10000b90       0x2c CMakeFiles/bitchordlab.dir/inc/ssd1306_i2c.c.obj
                0x10000b90                ssd1306_draw_string
 .text.gpio_set_function
                0x10000bbc       0x30 CMakeFiles/bitchordlab.dir/C_/Users/R2/.pico-sdk/sdk/1.5.1/src/rp2_common/hardware_gpio/gpio.c.obj
                0x10000bbc                gpio_set_function
 .text.gpio_set_pulls
                0x10000bec       0x34 CMakeFiles/bitchordlab.dir/C_/Users/R2/.pico-sdk/sdk/1.5.1/src/rp2_common/hardware_gpio/gpio.c.obj
                0x10000bec                gpio_set_pulls
 .text.gpio_set_input_enabled
                0x10000c20       0x30 CMakeFiles/bitchordlab.dir/C_/Users/R2/.pico-sdk/sdk/1.5.1/src/rp2_common/hardware_gpio/gpio.c.obj
                0x10000c20                gpio_set_input_enabled
 .text.gpio_init
                0x10000c50       0x16 CMakeFiles/bitchordlab.dir/C_/Users/R2/.pico-sdk/sdk/1.5.1/src/rp2_common/hardware_gpio/gpio.c.obj
                0x10000c50                gpio_init
 *fill*         0x10000c66        0x2 
 .text.running_on_fpga
                0x10000c68       0x14 CMakeFiles/bitchordlab.dir/C_/Users/R2/.pico-sdk/sdk/1.5.1/src/rp2_common/pico_platform/platform.c.obj
                0x10000c68                running_on_fpga
 .text.hw_claim_lock
                0x10000c7c       0x18 CMakeFiles/bitchordlab.dir/C_/Users/R2/.pico-sdk/sdk/1.5.1/src/rp2_common/hardware_claim/claim.c.obj
                0x10000c7c                hw_claim_lock
 .text.hw_claim_unlock
                0x10000c94       0x14 CMakeFiles/bitchordlab.dir/C_/Users/R2/.pico-sdk/sdk/1.5.1/src/rp2_common/hardware_claim/claim.c.obj
                0x10000c94                hw_claim_unlock
 .text.hw_claim_or_assert
                0x10000ca8       0x32 CMakeFiles/bitchordlab.dir/C_/Users/R2/.pico-sdk/sdk/1.5.1/src/rp2_common/hardware_claim/claim.c.obj
                0x10000ca8                hw_claim_or_assert
 .text.hw_claim_unused_from_range
                0x10000cda       0x50 CMakeFiles/bitchordlab.dir/C_/Users/R2/.pico-sdk/sdk/1.5.1/src/rp2_common/hardware_claim/claim.c.obj
                0x10000cda                hw_claim_unused_from_range
 *fill*         0x10000d2a        0x2 
 .text.spin_locks_reset
                0x10000d2c       0x20 CMakeFiles/bitchordlab.dir/C_/Users/R2/.pico-sdk/sdk/1.5.1/src/rp2_common/hardware_sync/sync.c.obj
                0x10000d2c                spin_locks_reset
 .text.next_striped_spin_lock_num
                0x10000d4c       0x1c CMakeFiles/bitchordlab.dir/C_/Users/R2/.pico-sdk/sdk/1.5.1/src/rp2_common/hardware_sync/sync.c.obj
                0x10000d4c                next_striped_spin_lock_num
 .text.spin_lock_claim_unused
                0x10000d68       0x24 CMakeFiles/bitchordlab.dir/C_/Users/R2/.pico-sdk/sdk/1.5.1/src/rp2_common/hardware_sync/sync.c.obj
                0x10000d68                spin_lock_claim_unused
 .text.set_raw_irq_handler_and_unlock
                0x10000d8c       0x28 CMakeFiles/bitchordlab.dir/C_/Users/R2/.pico-sdk/sdk/1.5.1/src/rp2_common/hardware_irq/irq.c.obj
 .text.resolve_branch
                0x10000db4       0x30 CMakeFiles/bitchordlab.dir/C_/Users/R2/.pico-sdk/sdk/1.5.1/src/rp2_common/hardware_irq/irq.c.obj
 .text.make_branch
                0x10000de4       0x48 CMakeFiles/bitchordlab.dir/C_/Users/R2/.pico-sdk/sdk/1.5.1/src/rp2_common/hardware_irq/irq.c.obj
 .text.insert_branch_and_link
                0x10000e2c       0x40 CMakeFiles/bitchordlab.dir/C_/Users/R2/.pico-sdk/sdk/1.5.1/src/rp2_common/hardware_irq/irq.c.obj
 .text.irq_is_enabled
                0x10000e6c       0x18 CMakeFiles/bitchordlab.dir/C_/Users/R2/.pico-sdk/sdk/1.5.1/src/rp2_common/hardware_irq/irq.c.obj
                0x10000e6c                irq_is_enabled
 .text.irq_set_mask_enabled
                0x10000e84       0x20 CMakeFiles/bitchordlab.dir/C_/Users/R2/.pico-sdk/sdk/1.5.1/src/rp2_common/hardware_irq/irq.c.obj
                0x10000e84                irq_set_mask_enabled
 .text.irq_set_enabled
                0x10000ea4        0xe CMakeFiles/bitchordlab.dir/C_/Users/R2/.pico-sdk/sdk/1.5.1/src/rp2_common/hardware_irq/irq.c.obj
                0x10000ea4                irq_set_enabled
 *fill*         0x10000eb2        0x2 
 .text.irq_set_pending
                0x10000eb4       0x10 CMakeFiles/bitchordlab.dir/C_/Users/R2/.pico-sdk/sdk/1.5.1/src/rp2_common/hardware_irq/irq.c.obj
                0x10000eb4                irq_set_pending
 .text.irq_get_vtable_handler
                0x10000ec4       0x10 CMakeFiles/bitchordlab.dir/C_/Users/R2/.pico-sdk/sdk/1.5.1/src/rp2_common/hardware_irq/irq.c.obj
                0x10000ec4                irq_get_vtable_handler
 .text.irq_has_shared_handler
                0x10000ed4       0x24 CMakeFiles/bitchordlab.dir/C_/Users/R2/.pico-sdk/sdk/1.5.1/src/rp2_common/hardware_irq/irq.c.obj
                0x10000ed4                irq_has_shared_handler
 .text.irq_set_exclusive_handler
                0x10000ef8       0x54 CMakeFiles/bitchordlab.dir/C_/Users/R2/.pico-sdk/sdk/1.5.1/src/rp2_common/hardware_irq/irq.c.obj
                0x10000ef8                irq_set_exclusive_handler
 .text.irq_add_shared_handler
                0x10000f4c      0x210 CMakeFiles/bitchordlab.dir/C_/Users/R2/.pico-sdk/sdk/1.5.1/src/rp2_common/hardware_irq/irq.c.obj
                0x10000f4c                irq_add_shared_handler
 .text.irq_remove_handler
                0x1000115c      0x188 CMakeFiles/bitchordlab.dir/C_/Users/R2/.pico-sdk/sdk/1.5.1/src/rp2_common/hardware_irq/irq.c.obj
                0x1000115c                irq_remove_handler
 .text.irq_add_tail_to_free_list
                0x100012e4       0xf0 CMakeFiles/bitchordlab.dir/C_/Users/R2/.pico-sdk/sdk/1.5.1/src/rp2_common/hardware_irq/irq.c.obj
                0x100012e4                irq_add_tail_to_free_list
 .text.irq_init_priorities
                0x100013d4       0x1c CMakeFiles/bitchordlab.dir/C_/Users/R2/.pico-sdk/sdk/1.5.1/src/rp2_common/hardware_irq/irq.c.obj
                0x100013d4                irq_init_priorities
 .text.user_irq_claim_unused
                0x100013f0       0x2c CMakeFiles/bitchordlab.dir/C_/Users/R2/.pico-sdk/sdk/1.5.1/src/rp2_common/hardware_irq/irq.c.obj
                0x100013f0                user_irq_claim_unused
 .text.lock_init
                0x1000141c       0x10 CMakeFiles/bitchordlab.dir/C_/Users/R2/.pico-sdk/sdk/1.5.1/src/common/pico_sync/lock_core.c.obj
                0x1000141c                lock_init
 .text.update_us_since_boot
                0x1000142c       0x24 CMakeFiles/bitchordlab.dir/C_/Users/R2/.pico-sdk/sdk/1.5.1/src/common/pico_sync/mutex.c.obj
 .text.delayed_by_ms
                0x10001450       0x44 CMakeFiles/bitchordlab.dir/C_/Users/R2/.pico-sdk/sdk/1.5.1/src/common/pico_sync/mutex.c.obj
 .text.get_absolute_time
                0x10001494       0x22 CMakeFiles/bitchordlab.dir/C_/Users/R2/.pico-sdk/sdk/1.5.1/src/common/pico_sync/mutex.c.obj
 .text.make_timeout_time_ms
                0x100014b6       0x20 CMakeFiles/bitchordlab.dir/C_/Users/R2/.pico-sdk/sdk/1.5.1/src/common/pico_sync/mutex.c.obj
 .text.mutex_init
                0x100014d6       0x1a CMakeFiles/bitchordlab.dir/C_/Users/R2/.pico-sdk/sdk/1.5.1/src/common/pico_sync/mutex.c.obj
                0x100014d6                mutex_init
 .text.recursive_mutex_init
                0x100014f0       0x1e CMakeFiles/bitchordlab.dir/C_/Users/R2/.pico-sdk/sdk/1.5.1/src/common/pico_sync/mutex.c.obj
                0x100014f0                recursive_mutex_init
 *fill*         0x1000150e        0x2 
 .text.critical_section_init_with_lock_num
                0x10001510       0x14 CMakeFiles/bitchordlab.dir/C_/Users/R2/.pico-sdk/sdk/1.5.1/src/common/pico_sync/critical_section.c.obj
                0x10001510                critical_section_init_with_lock_num
 .text.critical_section_init
                0x10001524       0x14 CMakeFiles/bitchordlab.dir/C_/Users/R2/.pico-sdk/sdk/1.5.1/src/common/pico_sync/critical_section.c.obj
                0x10001524                critical_section_init
 .text.time_reached
                0x10001538       0x28 CMakeFiles/bitchordlab.dir/C_/Users/R2/.pico-sdk/sdk/1.5.1/src/common/pico_time/time.c.obj
 .text.get_entry
                0x10001560       0x38 CMakeFiles/bitchordlab.dir/C_/Users/R2/.pico-sdk/sdk/1.5.1/src/common/pico_time/time.c.obj
 .text.timer_pool_entry_comparator
                0x10001598       0x2e CMakeFiles/bitchordlab.dir/C_/Users/R2/.pico-sdk/sdk/1.5.1/src/common/pico_time/time.c.obj
                0x10001598                timer_pool_entry_comparator
 *fill*         0x100015c6        0x2 
 .text.update_us_since_boot
                0x100015c8       0x24 CMakeFiles/bitchordlab.dir/C_/Users/R2/.pico-sdk/sdk/1.5.1/src/common/pico_time/time.c.obj
 .text.delayed_by_us
                0x100015ec       0x34 CMakeFiles/bitchordlab.dir/C_/Users/R2/.pico-sdk/sdk/1.5.1/src/common/pico_time/time.c.obj
 .text.ph_get_node
                0x10001620       0x30 CMakeFiles/bitchordlab.dir/C_/Users/R2/.pico-sdk/sdk/1.5.1/src/common/pico_time/time.c.obj
 .text.ph_contains_node
                0x10001650       0x1e CMakeFiles/bitchordlab.dir/C_/Users/R2/.pico-sdk/sdk/1.5.1/src/common/pico_time/time.c.obj
 .text.ph_new_node
                0x1000166e       0x28 CMakeFiles/bitchordlab.dir/C_/Users/R2/.pico-sdk/sdk/1.5.1/src/common/pico_time/time.c.obj
 *fill*         0x10001696        0x2 
 .text.ph_add_child_node
                0x10001698       0x6c CMakeFiles/bitchordlab.dir/C_/Users/R2/.pico-sdk/sdk/1.5.1/src/common/pico_time/time.c.obj
 .text.ph_merge_nodes
                0x10001704       0x3e CMakeFiles/bitchordlab.dir/C_/Users/R2/.pico-sdk/sdk/1.5.1/src/common/pico_time/time.c.obj
 *fill*         0x10001742        0x2 
 .text.ph_insert_node
                0x10001744       0x3c CMakeFiles/bitchordlab.dir/C_/Users/R2/.pico-sdk/sdk/1.5.1/src/common/pico_time/time.c.obj
 .text.ph_free_node
                0x10001780       0x5c CMakeFiles/bitchordlab.dir/C_/Users/R2/.pico-sdk/sdk/1.5.1/src/common/pico_time/time.c.obj
 .text.get_entry_id_high
                0x100017dc       0x30 CMakeFiles/bitchordlab.dir/C_/Users/R2/.pico-sdk/sdk/1.5.1/src/common/pico_time/time.c.obj
 .text.alarm_pool_post_alloc_init
                0x1000180c       0x40 CMakeFiles/bitchordlab.dir/C_/Users/R2/.pico-sdk/sdk/1.5.1/src/common/pico_time/time.c.obj
 .text.sleep_until_callback
                0x1000184c       0x30 CMakeFiles/bitchordlab.dir/C_/Users/R2/.pico-sdk/sdk/1.5.1/src/common/pico_time/time.c.obj
 .text.get_absolute_time
                0x1000187c       0x22 CMakeFiles/bitchordlab.dir/C_/Users/R2/.pico-sdk/sdk/1.5.1/src/common/pico_time/time.c.obj
 .text.make_timeout_time_us
                0x1000189e       0x24 CMakeFiles/bitchordlab.dir/C_/Users/R2/.pico-sdk/sdk/1.5.1/src/common/pico_time/time.c.obj
 *fill*         0x100018c2        0x2 
 .text.add_alarm_under_lock
                0x100018c4       0x94 CMakeFiles/bitchordlab.dir/C_/Users/R2/.pico-sdk/sdk/1.5.1/src/common/pico_time/time.c.obj
 .text.alarm_pool_alarm_callback
                0x10001958      0x210 CMakeFiles/bitchordlab.dir/C_/Users/R2/.pico-sdk/sdk/1.5.1/src/common/pico_time/time.c.obj
 .text.alarm_pool_init_default
                0x10001b68       0x40 CMakeFiles/bitchordlab.dir/C_/Users/R2/.pico-sdk/sdk/1.5.1/src/common/pico_time/time.c.obj
                0x10001b68                alarm_pool_init_default
 .text.alarm_pool_get_default
                0x10001ba8       0x2c CMakeFiles/bitchordlab.dir/C_/Users/R2/.pico-sdk/sdk/1.5.1/src/common/pico_time/time.c.obj
                0x10001ba8                alarm_pool_get_default
 .text.alarm_pool_add_alarm_at
                0x10001bd4      0x10e CMakeFiles/bitchordlab.dir/C_/Users/R2/.pico-sdk/sdk/1.5.1/src/common/pico_time/time.c.obj
                0x10001bd4                alarm_pool_add_alarm_at
 .text.add_alarm_at
                0x10001ce2       0x2e CMakeFiles/bitchordlab.dir/C_/Users/R2/.pico-sdk/sdk/1.5.1/src/common/pico_time/time.c.obj
 .text.alarm_pool_cancel_alarm
                0x10001d10       0xa8 CMakeFiles/bitchordlab.dir/C_/Users/R2/.pico-sdk/sdk/1.5.1/src/common/pico_time/time.c.obj
                0x10001d10                alarm_pool_cancel_alarm
 .text.cancel_alarm
                0x10001db8       0x10 CMakeFiles/bitchordlab.dir/C_/Users/R2/.pico-sdk/sdk/1.5.1/src/common/pico_time/time.c.obj
 .text.alarm_pool_core_num
                0x10001dc8        0x4 CMakeFiles/bitchordlab.dir/C_/Users/R2/.pico-sdk/sdk/1.5.1/src/common/pico_time/time.c.obj
                0x10001dc8                alarm_pool_core_num
 .text.sleep_until
                0x10001dcc       0xb0 CMakeFiles/bitchordlab.dir/C_/Users/R2/.pico-sdk/sdk/1.5.1/src/common/pico_time/time.c.obj
                0x10001dcc                sleep_until
 .text.sleep_us
                0x10001e7c       0x1a CMakeFiles/bitchordlab.dir/C_/Users/R2/.pico-sdk/sdk/1.5.1/src/common/pico_time/time.c.obj
                0x10001e7c                sleep_us
 .text.sleep_ms
                0x10001e96       0x14 CMakeFiles/bitchordlab.dir/C_/Users/R2/.pico-sdk/sdk/1.5.1/src/common/pico_time/time.c.obj
                0x10001e96                sleep_ms
 *fill*         0x10001eaa        0x2 
 .text.best_effort_wfe_or_timeout
                0x10001eac       0x44 CMakeFiles/bitchordlab.dir/C_/Users/R2/.pico-sdk/sdk/1.5.1/src/common/pico_time/time.c.obj
                0x10001eac                best_effort_wfe_or_timeout
 .text.hardware_alarm_irq_handler
                0x10001ef0       0x8c CMakeFiles/bitchordlab.dir/C_/Users/R2/.pico-sdk/sdk/1.5.1/src/rp2_common/hardware_timer/timer.c.obj
 .text.hardware_alarm_claim
                0x10001f7c       0x18 CMakeFiles/bitchordlab.dir/C_/Users/R2/.pico-sdk/sdk/1.5.1/src/rp2_common/hardware_timer/timer.c.obj
                0x10001f7c                hardware_alarm_claim
 .text.time_us_64
                0x10001f94       0x18 CMakeFiles/bitchordlab.dir/C_/Users/R2/.pico-sdk/sdk/1.5.1/src/rp2_common/hardware_timer/timer.c.obj
                0x10001f94                time_us_64
 .text.busy_wait_until
                0x10001fac       0x28 CMakeFiles/bitchordlab.dir/C_/Users/R2/.pico-sdk/sdk/1.5.1/src/rp2_common/hardware_timer/timer.c.obj
                0x10001fac                busy_wait_until
 .text.hardware_alarm_set_callback
                0x10001fd4       0x90 CMakeFiles/bitchordlab.dir/C_/Users/R2/.pico-sdk/sdk/1.5.1/src/rp2_common/hardware_timer/timer.c.obj
                0x10001fd4                hardware_alarm_set_callback
 .text.hardware_alarm_set_target
                0x10002064       0xe8 CMakeFiles/bitchordlab.dir/C_/Users/R2/.pico-sdk/sdk/1.5.1/src/rp2_common/hardware_timer/timer.c.obj
                0x10002064                hardware_alarm_set_target
 .text.hardware_alarm_cancel
                0x1000214c       0x40 CMakeFiles/bitchordlab.dir/C_/Users/R2/.pico-sdk/sdk/1.5.1/src/rp2_common/hardware_timer/timer.c.obj
                0x1000214c                hardware_alarm_cancel
 .text.ph_get_node
                0x1000218c       0x30 CMakeFiles/bitchordlab.dir/C_/Users/R2/.pico-sdk/sdk/1.5.1/src/common/pico_util/pheap.c.obj
 .text.ph_add_child_node
                0x100021bc       0x6c CMakeFiles/bitchordlab.dir/C_/Users/R2/.pico-sdk/sdk/1.5.1/src/common/pico_util/pheap.c.obj
 .text.ph_merge_nodes
                0x10002228       0x3e CMakeFiles/bitchordlab.dir/C_/Users/R2/.pico-sdk/sdk/1.5.1/src/common/pico_util/pheap.c.obj
 .text.ph_clear
                0x10002266       0x34 CMakeFiles/bitchordlab.dir/C_/Users/R2/.pico-sdk/sdk/1.5.1/src/common/pico_util/pheap.c.obj
                0x10002266                ph_clear
 .text.ph_post_alloc_init
                0x1000229a        0xe CMakeFiles/bitchordlab.dir/C_/Users/R2/.pico-sdk/sdk/1.5.1/src/common/pico_util/pheap.c.obj
                0x1000229a                ph_post_alloc_init
 .text.ph_merge_two_pass
                0x100022a8       0x5c CMakeFiles/bitchordlab.dir/C_/Users/R2/.pico-sdk/sdk/1.5.1/src/common/pico_util/pheap.c.obj
                0x100022a8                ph_merge_two_pass
 .text.ph_remove_any_head
                0x10002304       0xc0 CMakeFiles/bitchordlab.dir/C_/Users/R2/.pico-sdk/sdk/1.5.1/src/common/pico_util/pheap.c.obj
 .text.ph_remove_head
                0x100023c4       0x14 CMakeFiles/bitchordlab.dir/C_/Users/R2/.pico-sdk/sdk/1.5.1/src/common/pico_util/pheap.c.obj
                0x100023c4                ph_remove_head
 .text.ph_remove_and_free_node
                0x100023d8       0xa0 CMakeFiles/bitchordlab.dir/C_/Users/R2/.pico-sdk/sdk/1.5.1/src/common/pico_util/pheap.c.obj
                0x100023d8                ph_remove_and_free_node
 .text.clock_configure
                0x10002478      0x108 CMakeFiles/bitchordlab.dir/C_/Users/R2/.pico-sdk/sdk/1.5.1/src/rp2_common/hardware_clocks/clocks.c.obj
                0x10002478                clock_configure
 .text.clocks_init
                0x10002580      0x100 CMakeFiles/bitchordlab.dir/C_/Users/R2/.pico-sdk/sdk/1.5.1/src/rp2_common/hardware_clocks/clocks.c.obj
                0x10002580                clocks_init
 .text.clock_get_hz
                0x10002680        0xc CMakeFiles/bitchordlab.dir/C_/Users/R2/.pico-sdk/sdk/1.5.1/src/rp2_common/hardware_clocks/clocks.c.obj
                0x10002680                clock_get_hz
 .text.pll_init
                0x1000268c      0x120 CMakeFiles/bitchordlab.dir/C_/Users/R2/.pico-sdk/sdk/1.5.1/src/rp2_common/hardware_pll/pll.c.obj
                0x1000268c                pll_init
 .text.watchdog_start_tick
                0x100027ac       0x10 CMakeFiles/bitchordlab.dir/C_/Users/R2/.pico-sdk/sdk/1.5.1/src/rp2_common/hardware_watchdog/watchdog.c.obj
                0x100027ac                watchdog_start_tick
 .text.watchdog_update
                0x100027bc       0x14 CMakeFiles/bitchordlab.dir/C_/Users/R2/.pico-sdk/sdk/1.5.1/src/rp2_common/hardware_watchdog/watchdog.c.obj
                0x100027bc                watchdog_update
 .text._watchdog_enable
                0x100027d0       0x78 CMakeFiles/bitchordlab.dir/C_/Users/R2/.pico-sdk/sdk/1.5.1/src/rp2_common/hardware_watchdog/watchdog.c.obj
                0x100027d0                _watchdog_enable
 .text.watchdog_reboot
                0x10002848       0x48 CMakeFiles/bitchordlab.dir/C_/Users/R2/.pico-sdk/sdk/1.5.1/src/rp2_common/hardware_watchdog/watchdog.c.obj
                0x10002848                watchdog_reboot
 .text.xosc_init
                0x10002890       0x28 CMakeFiles/bitchordlab.dir/C_/Users/R2/.pico-sdk/sdk/1.5.1/src/rp2_common/hardware_xosc/xosc.c.obj
                0x10002890                xosc_init
 .text._exit    0x100028b8        0x4 CMakeFiles/bitchordlab.dir/C_/Users/R2/.pico-sdk/sdk/1.5.1/src/rp2_common/pico_runtime/runtime.c.obj
                0x100028b8                _exit
 .text._sbrk    0x100028bc       0x38 CMakeFiles/bitchordlab.dir/C_/Users/R2/.pico-sdk/sdk/1.5.1/src/rp2_common/pico_runtime/runtime.c.obj
                0x100028bc                _sbrk
 .text.exit     0x100028f4        0x6 CMakeFiles/bitchordlab.dir/C_/Users/R2/.pico-sdk/sdk/1.5.1/src/rp2_common/pico_runtime/runtime.c.obj
                0x100028f4                exit
 *fill*         0x100028fa        0x2 
 .text.__assert_func
                0x100028fc       0x38 CMakeFiles/bitchordlab.dir/C_/Users/R2/.pico-sdk/sdk/1.5.1/src/rp2_common/pico_runtime/runtime.c.obj
                0x100028fc                __assert_func
 .text.runtime_init
                0x10002934       0xf8 CMakeFiles/bitchordlab.dir/C_/Users/R2/.pico-sdk/sdk/1.5.1/src/rp2_common/pico_runtime/runtime.c.obj
                0x10002934                runtime_init
 .text.panic    0x10002a2c       0x30 CMakeFiles/bitchordlab.dir/C_/Users/R2/.pico-sdk/sdk/1.5.1/src/rp2_common/pico_runtime/runtime.c.obj
                0x10002a2c                panic
 .text._out_null
                0x10002a5c        0x2 CMakeFiles/bitchordlab.dir/C_/Users/R2/.pico-sdk/sdk/1.5.1/src/rp2_common/pico_printf/printf.c.obj
 .text._out_fct
                0x10002a5e        0xe CMakeFiles/bitchordlab.dir/C_/Users/R2/.pico-sdk/sdk/1.5.1/src/rp2_common/pico_printf/printf.c.obj
 .text._atoi    0x10002a6c       0x24 CMakeFiles/bitchordlab.dir/C_/Users/R2/.pico-sdk/sdk/1.5.1/src/rp2_common/pico_printf/printf.c.obj
 .text._out_rev
                0x10002a90       0xae CMakeFiles/bitchordlab.dir/C_/Users/R2/.pico-sdk/sdk/1.5.1/src/rp2_common/pico_printf/printf.c.obj
 .text._ntoa_format
                0x10002b3e      0x110 CMakeFiles/bitchordlab.dir/C_/Users/R2/.pico-sdk/sdk/1.5.1/src/rp2_common/pico_printf/printf.c.obj
 .text._ntoa_long
                0x10002c4e       0xbc CMakeFiles/bitchordlab.dir/C_/Users/R2/.pico-sdk/sdk/1.5.1/src/rp2_common/pico_printf/printf.c.obj
 .text._ntoa_long_long
                0x10002d0a      0x10e CMakeFiles/bitchordlab.dir/C_/Users/R2/.pico-sdk/sdk/1.5.1/src/rp2_common/pico_printf/printf.c.obj
 .text._etoa    0x10002e18      0x420 CMakeFiles/bitchordlab.dir/C_/Users/R2/.pico-sdk/sdk/1.5.1/src/rp2_common/pico_printf/printf.c.obj
 .text._ftoa    0x10003238      0x354 CMakeFiles/bitchordlab.dir/C_/Users/R2/.pico-sdk/sdk/1.5.1/src/rp2_common/pico_printf/printf.c.obj
 .text._vsnprintf
                0x1000358c      0x668 CMakeFiles/bitchordlab.dir/C_/Users/R2/.pico-sdk/sdk/1.5.1/src/rp2_common/pico_printf/printf.c.obj
 .text.vfctprintf
                0x10003bf4       0x20 CMakeFiles/bitchordlab.dir/C_/Users/R2/.pico-sdk/sdk/1.5.1/src/rp2_common/pico_printf/printf.c.obj
                0x10003bf4                vfctprintf
 .text          0x10003c14       0x10 CMakeFiles/bitchordlab.dir/C_/Users/R2/.pico-sdk/sdk/1.5.1/src/rp2_common/pico_bit_ops/bit_ops_aeabi.S.obj
 .text.rom_func_lookup
                0x10003c24       0x10 CMakeFiles/bitchordlab.dir/C_/Users/R2/.pico-sdk/sdk/1.5.1/src/rp2_common/pico_bootrom/bootrom.c.obj
                0x10003c24                rom_func_lookup
 .text.rom_data_lookup
                0x10003c34       0x10 CMakeFiles/bitchordlab.dir/C_/Users/R2/.pico-sdk/sdk/1.5.1/src/rp2_common/pico_bootrom/bootrom.c.obj
                0x10003c34                rom_data_lookup
 .text.rom_funcs_lookup
                0x10003c44       0x36 CMakeFiles/bitchordlab.dir/C_/Users/R2/.pico-sdk/sdk/1.5.1/src/rp2_common/pico_bootrom/bootrom.c.obj
                0x10003c44                rom_funcs_lookup
 *fill*         0x10003c7a        0x2 
 .text.__wrap___aeabi_idiv
                0x10003c7c       0x50 CMakeFiles/bitchordlab.dir/C_/Users/R2/.pico-sdk/sdk/1.5.1/src/rp2_common/pico_divider/divider.S.obj
                0x10003c7c                __wrap___aeabi_idivmod
                0x10003c7c                divmod_s32s32
                0x10003c7c                div_s32s32
                0x10003c7c                __wrap___aeabi_idiv
                0x10003c84                divmod_s32s32_unsafe
                0x10003cb0                divmod_s32s32_savestate
 .text.__wrap___aeabi_uidiv
                0x10003ccc       0x4c CMakeFiles/bitchordlab.dir/C_/Users/R2/.pico-sdk/sdk/1.5.1/src/rp2_common/pico_divider/divider.S.obj
                0x10003ccc                __wrap___aeabi_uidiv
                0x10003ccc                __wrap___aeabi_uidivmod
                0x10003ccc                div_u32u32
                0x10003ccc                divmod_u32u32
                0x10003cd4                divmod_u32u32_unsafe
                0x10003cfc                divmod_u32u32_savestate
 .text.__wrap___aeabi_ldiv
                0x10003d18      0x424 CMakeFiles/bitchordlab.dir/C_/Users/R2/.pico-sdk/sdk/1.5.1/src/rp2_common/pico_divider/divider.S.obj
                0x10003d18                div_s64s64
                0x10003d18                divmod_s64s64
                0x10003d18                __wrap___aeabi_ldivmod
                0x10003d48                divmod_u64u64
                0x10003d48                div_u64u64
                0x10003d48                __wrap___aeabi_uldivmod
                0x10003d58                divmod_u64u64_savestate
                0x10003d78                divmod_s64s64_unsafe
                0x10003e00                divmod_u64u64_unsafe
 .text.__wrap___aeabi_darithmetic
                0x1000413c       0x60 CMakeFiles/bitchordlab.dir/C_/Users/R2/.pico-sdk/sdk/1.5.1/src/rp2_common/pico_double/double_aeabi.S.obj
                0x1000413c                __wrap___aeabi_drsub
                0x10004142                __wrap___aeabi_dsub
                0x1000414c                __wrap___aeabi_dadd
                0x10004156                __wrap___aeabi_ddiv
                0x1000418a                __wrap___aeabi_dmul
 .text.__wrap___aeabi_cdcmple
                0x1000419c       0x6c CMakeFiles/bitchordlab.dir/C_/Users/R2/.pico-sdk/sdk/1.5.1/src/rp2_common/pico_double/double_aeabi.S.obj
                0x1000419c                __wrap___aeabi_cdrcmple
                0x100041ac                __wrap___aeabi_cdcmpeq
                0x100041ac                __wrap___aeabi_cdcmple
 .text.__wrap___aeabi_dcmplt
                0x10004208        0xc CMakeFiles/bitchordlab.dir/C_/Users/R2/.pico-sdk/sdk/1.5.1/src/rp2_common/pico_double/double_aeabi.S.obj
                0x10004208                __wrap___aeabi_dcmplt
 .text.__wrap___aeabi_dcmple
                0x10004214       0x10 CMakeFiles/bitchordlab.dir/C_/Users/R2/.pico-sdk/sdk/1.5.1/src/rp2_common/pico_double/double_aeabi.S.obj
                0x10004214                __wrap___aeabi_dcmple
 .text.__wrap___aeabi_dcmpge
                0x10004224       0x10 CMakeFiles/bitchordlab.dir/C_/Users/R2/.pico-sdk/sdk/1.5.1/src/rp2_common/pico_double/double_aeabi.S.obj
                0x10004224                __wrap___aeabi_dcmpge
 .text.__wrap___aeabi_dcmpgt
                0x10004234        0xa CMakeFiles/bitchordlab.dir/C_/Users/R2/.pico-sdk/sdk/1.5.1/src/rp2_common/pico_double/double_aeabi.S.obj
                0x10004234                __wrap___aeabi_dcmpgt
 .text.__wrap___aeabi_dcmpun
                0x1000423e       0x1c CMakeFiles/bitchordlab.dir/C_/Users/R2/.pico-sdk/sdk/1.5.1/src/rp2_common/pico_double/double_aeabi.S.obj
                0x1000423e                __wrap___aeabi_dcmpun
 *fill*         0x1000425a        0x2 
 .text.__wrap___aeabi_i2d
                0x1000425c       0x38 CMakeFiles/bitchordlab.dir/C_/Users/R2/.pico-sdk/sdk/1.5.1/src/rp2_common/pico_double/double_aeabi.S.obj
                0x1000425c                __wrap___aeabi_ui2d
                0x10004264                __wrap___aeabi_i2d
 .text.__wrap___aeabi_d2iz
                0x10004294       0x48 CMakeFiles/bitchordlab.dir/C_/Users/R2/.pico-sdk/sdk/1.5.1/src/rp2_common/pico_double/double_aeabi.S.obj
                0x10004294                double2int_z
                0x10004294                __wrap___aeabi_d2iz
 .text.__wrap___aeabi_d2uiz
                0x100042dc       0x10 CMakeFiles/bitchordlab.dir/C_/Users/R2/.pico-sdk/sdk/1.5.1/src/rp2_common/pico_double/double_aeabi.S.obj
                0x100042dc                __wrap___aeabi_d2uiz
                0x100042dc                double2uint
 .text.missing_double_func_shim
                0x100042ec        0xc CMakeFiles/bitchordlab.dir/C_/Users/R2/.pico-sdk/sdk/1.5.1/src/rp2_common/pico_double/double_init_rom.c.obj
 .text.__aeabi_double_init
                0x100042f8       0xd0 CMakeFiles/bitchordlab.dir/C_/Users/R2/.pico-sdk/sdk/1.5.1/src/rp2_common/pico_double/double_init_rom.c.obj
                0x100042f8                __aeabi_double_init
 .text.double_table_shim_on_use_helper
                0x100043c8       0x34 CMakeFiles/bitchordlab.dir/C_/Users/R2/.pico-sdk/sdk/1.5.1/src/rp2_common/pico_double/double_v1_rom_shim.S.obj
                0x100043c8                double_table_shim_on_use_helper
 .text.__aeabi_lmul
                0x100043fc       0x32 CMakeFiles/bitchordlab.dir/C_/Users/R2/.pico-sdk/sdk/1.5.1/src/rp2_common/pico_int64_ops/pico_int64_ops_aeabi.S.obj
                0x100043fc                __wrap___aeabi_lmul
 *fill*         0x1000442e        0x2 
 .text.__wrap___aeabi_farithmetic
                0x10004430       0x48 CMakeFiles/bitchordlab.dir/C_/Users/R2/.pico-sdk/sdk/1.5.1/src/rp2_common/pico_float/float_aeabi.S.obj
                0x10004430                __wrap___aeabi_frsub
                0x10004436                __wrap___aeabi_fsub
                0x1000443c                __wrap___aeabi_fadd
                0x10004442                __wrap___aeabi_fdiv
                0x1000446a                __wrap___aeabi_fmul
 .text.__wrap___aeabi_ui2f
                0x10004478        0xa CMakeFiles/bitchordlab.dir/C_/Users/R2/.pico-sdk/sdk/1.5.1/src/rp2_common/pico_float/float_aeabi.S.obj
                0x10004478                __wrap___aeabi_ui2f
 *fill*         0x10004482        0x2 
 .text.__wrap___aeabi_i2f
                0x10004484       0x44 CMakeFiles/bitchordlab.dir/C_/Users/R2/.pico-sdk/sdk/1.5.1/src/rp2_common/pico_float/float_aeabi.S.obj
                0x10004484                __wrap___aeabi_i2f
 .text.__wrap___aeabi_f2uiz
                0x100044c8        0xc CMakeFiles/bitchordlab.dir/C_/Users/R2/.pico-sdk/sdk/1.5.1/src/rp2_common/pico_float/float_aeabi.S.obj
                0x100044c8                __wrap___aeabi_f2uiz
 .text.missing_float_func_shim
                0x100044d4        0xc CMakeFiles/bitchordlab.dir/C_/Users/R2/.pico-sdk/sdk/1.5.1/src/rp2_common/pico_float/float_init_rom.c.obj
 .text.__aeabi_float_init
                0x100044e0       0x88 CMakeFiles/bitchordlab.dir/C_/Users/R2/.pico-sdk/sdk/1.5.1/src/rp2_common/pico_float/float_init_rom.c.obj
                0x100044e0                __aeabi_float_init
 .text.check_alloc
                0x10004568       0x20 CMakeFiles/bitchordlab.dir/C_/Users/R2/.pico-sdk/sdk/1.5.1/src/rp2_common/pico_malloc/pico_malloc.c.obj
 .text.__wrap_malloc
                0x10004588       0x14 CMakeFiles/bitchordlab.dir/C_/Users/R2/.pico-sdk/sdk/1.5.1/src/rp2_common/pico_malloc/pico_malloc.c.obj
                0x10004588                __wrap_malloc
 .text.__wrap_free
                0x1000459c        0x8 CMakeFiles/bitchordlab.dir/C_/Users/R2/.pico-sdk/sdk/1.5.1/src/rp2_common/pico_malloc/pico_malloc.c.obj
                0x1000459c                __wrap_free
 .text          0x100045a4       0x10 CMakeFiles/bitchordlab.dir/C_/Users/R2/.pico-sdk/sdk/1.5.1/src/rp2_common/pico_mem_ops/mem_ops_aeabi.S.obj
                0x100045a4                __aeabi_mem_init
 .text.memset   0x100045b4        0xc CMakeFiles/bitchordlab.dir/C_/Users/R2/.pico-sdk/sdk/1.5.1/src/rp2_common/pico_mem_ops/mem_ops_aeabi.S.obj
                0x100045b4                __wrap_memset
 .text.memcpy   0x100045c0        0xc CMakeFiles/bitchordlab.dir/C_/Users/R2/.pico-sdk/sdk/1.5.1/src/rp2_common/pico_mem_ops/mem_ops_aeabi.S.obj
                0x100045c0                __wrap_memcpy
                0x100045c0                __wrap___aeabi_memcpy
 .text.stdio_out_chars_no_crlf
                0x100045cc        0xe CMakeFiles/bitchordlab.dir/C_/Users/R2/.pico-sdk/sdk/1.5.1/src/rp2_common/pico_stdio/stdio.c.obj
 *fill*         0x100045da        0x2 
 .text.stdio_out_chars_crlf
                0x100045dc       0x80 CMakeFiles/bitchordlab.dir/C_/Users/R2/.pico-sdk/sdk/1.5.1/src/rp2_common/pico_stdio/stdio.c.obj
 .text.stdio_stack_buffer_flush
                0x1000465c       0x44 CMakeFiles/bitchordlab.dir/C_/Users/R2/.pico-sdk/sdk/1.5.1/src/rp2_common/pico_stdio/stdio.c.obj
 .text.stdio_buffered_printer
                0x100046a0       0x20 CMakeFiles/bitchordlab.dir/C_/Users/R2/.pico-sdk/sdk/1.5.1/src/rp2_common/pico_stdio/stdio.c.obj
 .text.update_us_since_boot
                0x100046c0       0x24 CMakeFiles/bitchordlab.dir/C_/Users/R2/.pico-sdk/sdk/1.5.1/src/rp2_common/pico_stdio/stdio.c.obj
 .text.get_absolute_time
                0x100046e4       0x22 CMakeFiles/bitchordlab.dir/C_/Users/R2/.pico-sdk/sdk/1.5.1/src/rp2_common/pico_stdio/stdio.c.obj
 *fill*         0x10004706        0x2 
 .text.delayed_by_ms
                0x10004708       0x44 CMakeFiles/bitchordlab.dir/C_/Users/R2/.pico-sdk/sdk/1.5.1/src/rp2_common/pico_stdio/stdio.c.obj
 .text.make_timeout_time_ms
                0x1000474c       0x20 CMakeFiles/bitchordlab.dir/C_/Users/R2/.pico-sdk/sdk/1.5.1/src/rp2_common/pico_stdio/stdio.c.obj
 .text.stdout_serialize_begin
                0x1000476c       0x20 CMakeFiles/bitchordlab.dir/C_/Users/R2/.pico-sdk/sdk/1.5.1/src/rp2_common/pico_stdio/stdio.c.obj
                0x1000476c                stdout_serialize_begin
 .text.stdout_serialize_end
                0x1000478c       0x10 CMakeFiles/bitchordlab.dir/C_/Users/R2/.pico-sdk/sdk/1.5.1/src/rp2_common/pico_stdio/stdio.c.obj
                0x1000478c                stdout_serialize_end
 .text.stdio_put_string
                0x1000479c       0x98 CMakeFiles/bitchordlab.dir/C_/Users/R2/.pico-sdk/sdk/1.5.1/src/rp2_common/pico_stdio/stdio.c.obj
 .text.stdio_set_driver_enabled
                0x10004834       0x2c CMakeFiles/bitchordlab.dir/C_/Users/R2/.pico-sdk/sdk/1.5.1/src/rp2_common/pico_stdio/stdio.c.obj
                0x10004834                stdio_set_driver_enabled
 .text.stdio_flush
                0x10004860       0x20 CMakeFiles/bitchordlab.dir/C_/Users/R2/.pico-sdk/sdk/1.5.1/src/rp2_common/pico_stdio/stdio.c.obj
                0x10004860                stdio_flush
 .text.__wrap_puts
                0x10004880       0x1e CMakeFiles/bitchordlab.dir/C_/Users/R2/.pico-sdk/sdk/1.5.1/src/rp2_common/pico_stdio/stdio.c.obj
                0x10004880                __wrap_puts
 *fill*         0x1000489e        0x2 
 .text.__wrap_vprintf
                0x100048a0       0x40 CMakeFiles/bitchordlab.dir/C_/Users/R2/.pico-sdk/sdk/1.5.1/src/rp2_common/pico_stdio/stdio.c.obj
                0x100048a0                __wrap_vprintf
 .text.__wrap_printf
                0x100048e0       0x18 CMakeFiles/bitchordlab.dir/C_/Users/R2/.pico-sdk/sdk/1.5.1/src/rp2_common/pico_stdio/stdio.c.obj
                0x100048e0                __wrap_printf
 .text.stdio_init_all
                0x100048f8        0x8 CMakeFiles/bitchordlab.dir/C_/Users/R2/.pico-sdk/sdk/1.5.1/src/rp2_common/pico_stdio/stdio.c.obj
                0x100048f8                stdio_init_all
 .text.resetd_init
                0x10004900        0x2 CMakeFiles/bitchordlab.dir/C_/Users/R2/.pico-sdk/sdk/1.5.1/src/rp2_common/pico_stdio_usb/reset_interface.c.obj
 *fill*         0x10004902        0x2 
 .text.resetd_reset
                0x10004904        0xc CMakeFiles/bitchordlab.dir/C_/Users/R2/.pico-sdk/sdk/1.5.1/src/rp2_common/pico_stdio_usb/reset_interface.c.obj
 .text.resetd_open
                0x10004910       0x34 CMakeFiles/bitchordlab.dir/C_/Users/R2/.pico-sdk/sdk/1.5.1/src/rp2_common/pico_stdio_usb/reset_interface.c.obj
 .text.resetd_xfer_cb
                0x10004944        0x4 CMakeFiles/bitchordlab.dir/C_/Users/R2/.pico-sdk/sdk/1.5.1/src/rp2_common/pico_stdio_usb/reset_interface.c.obj
 .text.reset_usb_boot
                0x10004948       0x18 CMakeFiles/bitchordlab.dir/C_/Users/R2/.pico-sdk/sdk/1.5.1/src/rp2_common/pico_stdio_usb/reset_interface.c.obj
 .text.resetd_control_xfer_cb
                0x10004960       0x5c CMakeFiles/bitchordlab.dir/C_/Users/R2/.pico-sdk/sdk/1.5.1/src/rp2_common/pico_stdio_usb/reset_interface.c.obj
 .text.usbd_app_driver_get_cb
                0x100049bc        0xc CMakeFiles/bitchordlab.dir/C_/Users/R2/.pico-sdk/sdk/1.5.1/src/rp2_common/pico_stdio_usb/reset_interface.c.obj
                0x100049bc                usbd_app_driver_get_cb
 .text.tud_cdc_line_coding_cb
                0x100049c8       0x28 CMakeFiles/bitchordlab.dir/C_/Users/R2/.pico-sdk/sdk/1.5.1/src/rp2_common/pico_stdio_usb/reset_interface.c.obj
                0x100049c8                tud_cdc_line_coding_cb
 .text.stdio_usb_set_chars_available_callback
                0x100049f0       0x14 CMakeFiles/bitchordlab.dir/C_/Users/R2/.pico-sdk/sdk/1.5.1/src/rp2_common/pico_stdio_usb/stdio_usb.c.obj
                0x100049f0                stdio_usb_set_chars_available_callback
 .text.update_us_since_boot
                0x10004a04       0x24 CMakeFiles/bitchordlab.dir/C_/Users/R2/.pico-sdk/sdk/1.5.1/src/rp2_common/pico_stdio_usb/stdio_usb.c.obj
 .text.get_absolute_time
                0x10004a28       0x22 CMakeFiles/bitchordlab.dir/C_/Users/R2/.pico-sdk/sdk/1.5.1/src/rp2_common/pico_stdio_usb/stdio_usb.c.obj
 *fill*         0x10004a4a        0x2 
 .text.delayed_by_ms
                0x10004a4c       0x44 CMakeFiles/bitchordlab.dir/C_/Users/R2/.pico-sdk/sdk/1.5.1/src/rp2_common/pico_stdio_usb/stdio_usb.c.obj
 .text.make_timeout_time_ms
                0x10004a90       0x20 CMakeFiles/bitchordlab.dir/C_/Users/R2/.pico-sdk/sdk/1.5.1/src/rp2_common/pico_stdio_usb/stdio_usb.c.obj
 .text.delayed_by_us
                0x10004ab0       0x34 CMakeFiles/bitchordlab.dir/C_/Users/R2/.pico-sdk/sdk/1.5.1/src/rp2_common/pico_stdio_usb/stdio_usb.c.obj
 .text.usb_irq  0x10004ae4       0x10 CMakeFiles/bitchordlab.dir/C_/Users/R2/.pico-sdk/sdk/1.5.1/src/rp2_common/pico_stdio_usb/stdio_usb.c.obj
 .text.critical_section_enter_blocking
                0x10004af4       0x16 CMakeFiles/bitchordlab.dir/C_/Users/R2/.pico-sdk/sdk/1.5.1/src/rp2_common/pico_stdio_usb/stdio_usb.c.obj
 *fill*         0x10004b0a        0x2 
 .text.timer_task
                0x10004b0c       0x4c CMakeFiles/bitchordlab.dir/C_/Users/R2/.pico-sdk/sdk/1.5.1/src/rp2_common/pico_stdio_usb/stdio_usb.c.obj
 .text.alarm_pool_add_alarm_in_us
                0x10004b58       0x3a CMakeFiles/bitchordlab.dir/C_/Users/R2/.pico-sdk/sdk/1.5.1/src/rp2_common/pico_stdio_usb/stdio_usb.c.obj
 .text.add_alarm_in_us
                0x10004b92       0x2e CMakeFiles/bitchordlab.dir/C_/Users/R2/.pico-sdk/sdk/1.5.1/src/rp2_common/pico_stdio_usb/stdio_usb.c.obj
 .text.low_priority_worker_irq
                0x10004bc0       0x7c CMakeFiles/bitchordlab.dir/C_/Users/R2/.pico-sdk/sdk/1.5.1/src/rp2_common/pico_stdio_usb/stdio_usb.c.obj
 .text.tud_cdc_rx_cb
                0x10004c3c       0x20 CMakeFiles/bitchordlab.dir/C_/Users/R2/.pico-sdk/sdk/1.5.1/src/rp2_common/pico_stdio_usb/stdio_usb.c.obj
                0x10004c3c                tud_cdc_rx_cb
 .text.stdio_usb_init
                0x10004c5c       0xd0 CMakeFiles/bitchordlab.dir/C_/Users/R2/.pico-sdk/sdk/1.5.1/src/rp2_common/pico_stdio_usb/stdio_usb.c.obj
                0x10004c5c                stdio_usb_init
 .text.stdio_usb_connected
                0x10004d2c        0xa CMakeFiles/bitchordlab.dir/C_/Users/R2/.pico-sdk/sdk/1.5.1/src/rp2_common/pico_stdio_usb/stdio_usb.c.obj
                0x10004d2c                stdio_usb_connected
 *fill*         0x10004d36        0x2 
 .text.stdio_usb_in_chars
                0x10004d38       0x88 CMakeFiles/bitchordlab.dir/C_/Users/R2/.pico-sdk/sdk/1.5.1/src/rp2_common/pico_stdio_usb/stdio_usb.c.obj
                0x10004d38                stdio_usb_in_chars
 .text.stdio_usb_out_chars
                0x10004dc0       0xd8 CMakeFiles/bitchordlab.dir/C_/Users/R2/.pico-sdk/sdk/1.5.1/src/rp2_common/pico_stdio_usb/stdio_usb.c.obj
 .text.tud_descriptor_device_cb
                0x10004e98        0x8 CMakeFiles/bitchordlab.dir/C_/Users/R2/.pico-sdk/sdk/1.5.1/src/rp2_common/pico_stdio_usb/stdio_usb_descriptors.c.obj
                0x10004e98                tud_descriptor_device_cb
 .text.tud_descriptor_configuration_cb
                0x10004ea0        0x8 CMakeFiles/bitchordlab.dir/C_/Users/R2/.pico-sdk/sdk/1.5.1/src/rp2_common/pico_stdio_usb/stdio_usb_descriptors.c.obj
                0x10004ea0                tud_descriptor_configuration_cb
 .text.tud_descriptor_string_cb
                0x10004ea8       0x6c CMakeFiles/bitchordlab.dir/C_/Users/R2/.pico-sdk/sdk/1.5.1/src/rp2_common/pico_stdio_usb/stdio_usb_descriptors.c.obj
                0x10004ea8                tud_descriptor_string_cb
 .text._retrieve_unique_id_on_boot
                0x10004f14       0x10 CMakeFiles/bitchordlab.dir/C_/Users/R2/.pico-sdk/sdk/1.5.1/src/rp2_common/pico_unique_id/unique_id.c.obj
 .text.pico_get_unique_board_id_string
                0x10004f24       0x5c CMakeFiles/bitchordlab.dir/C_/Users/R2/.pico-sdk/sdk/1.5.1/src/rp2_common/pico_unique_id/unique_id.c.obj
                0x10004f24                pico_get_unique_board_id_string
 .text.flash_get_unique_id
                0x10004f80       0x40 CMakeFiles/bitchordlab.dir/C_/Users/R2/.pico-sdk/sdk/1.5.1/src/rp2_common/hardware_flash/flash.c.obj
                0x10004f80                flash_get_unique_id
 .text.hw_endpoint_get_by_addr
                0x10004fc0       0x18 CMakeFiles/bitchordlab.dir/C_/Users/R2/.pico-sdk/sdk/1.5.1/lib/tinyusb/src/portable/raspberrypi/rp2040/dcd_rp2040.c.obj
 .text._hw_endpoint_alloc
                0x10004fd8       0x70 CMakeFiles/bitchordlab.dir/C_/Users/R2/.pico-sdk/sdk/1.5.1/lib/tinyusb/src/portable/raspberrypi/rp2040/dcd_rp2040.c.obj
 .text.hw_endpoint_init
                0x10005048       0x88 CMakeFiles/bitchordlab.dir/C_/Users/R2/.pico-sdk/sdk/1.5.1/lib/tinyusb/src/portable/raspberrypi/rp2040/dcd_rp2040.c.obj
 .text.dcd_event_sof
                0x100050d0       0x2c CMakeFiles/bitchordlab.dir/C_/Users/R2/.pico-sdk/sdk/1.5.1/lib/tinyusb/src/portable/raspberrypi/rp2040/dcd_rp2040.c.obj
 .text.hw_endpoint_xfer
                0x100050fc       0x14 CMakeFiles/bitchordlab.dir/C_/Users/R2/.pico-sdk/sdk/1.5.1/lib/tinyusb/src/portable/raspberrypi/rp2040/dcd_rp2040.c.obj
 .text.dcd_int_enable
                0x10005110       0x2c CMakeFiles/bitchordlab.dir/C_/Users/R2/.pico-sdk/sdk/1.5.1/lib/tinyusb/src/portable/raspberrypi/rp2040/dcd_rp2040.c.obj
                0x10005110                dcd_int_enable
 .text.dcd_set_address
                0x1000513c       0x2c CMakeFiles/bitchordlab.dir/C_/Users/R2/.pico-sdk/sdk/1.5.1/lib/tinyusb/src/portable/raspberrypi/rp2040/dcd_rp2040.c.obj
                0x1000513c                dcd_set_address
 .text.dcd_connect
                0x10005168       0x10 CMakeFiles/bitchordlab.dir/C_/Users/R2/.pico-sdk/sdk/1.5.1/lib/tinyusb/src/portable/raspberrypi/rp2040/dcd_rp2040.c.obj
                0x10005168                dcd_connect
 .text.dcd_init
                0x10005178       0x80 CMakeFiles/bitchordlab.dir/C_/Users/R2/.pico-sdk/sdk/1.5.1/lib/tinyusb/src/portable/raspberrypi/rp2040/dcd_rp2040.c.obj
                0x10005178                dcd_init
 .text.dcd_edpt0_status_complete
                0x100051f8       0x1c CMakeFiles/bitchordlab.dir/C_/Users/R2/.pico-sdk/sdk/1.5.1/lib/tinyusb/src/portable/raspberrypi/rp2040/dcd_rp2040.c.obj
                0x100051f8                dcd_edpt0_status_complete
 .text.dcd_edpt_open
                0x10005214       0x40 CMakeFiles/bitchordlab.dir/C_/Users/R2/.pico-sdk/sdk/1.5.1/lib/tinyusb/src/portable/raspberrypi/rp2040/dcd_rp2040.c.obj
                0x10005214                dcd_edpt_open
 .text.dcd_edpt_close_all
                0x10005254        0x8 CMakeFiles/bitchordlab.dir/C_/Users/R2/.pico-sdk/sdk/1.5.1/lib/tinyusb/src/portable/raspberrypi/rp2040/dcd_rp2040.c.obj
                0x10005254                dcd_edpt_close_all
 .text.dcd_edpt_xfer
                0x1000525c       0x34 CMakeFiles/bitchordlab.dir/C_/Users/R2/.pico-sdk/sdk/1.5.1/lib/tinyusb/src/portable/raspberrypi/rp2040/dcd_rp2040.c.obj
                0x1000525c                dcd_edpt_xfer
 .text.dcd_edpt_stall
                0x10005290       0x2c CMakeFiles/bitchordlab.dir/C_/Users/R2/.pico-sdk/sdk/1.5.1/lib/tinyusb/src/portable/raspberrypi/rp2040/dcd_rp2040.c.obj
                0x10005290                dcd_edpt_stall
 .text.dcd_edpt_clear_stall
                0x100052bc       0x20 CMakeFiles/bitchordlab.dir/C_/Users/R2/.pico-sdk/sdk/1.5.1/lib/tinyusb/src/portable/raspberrypi/rp2040/dcd_rp2040.c.obj
                0x100052bc                dcd_edpt_clear_stall
 .text.rp2040_usb_init
                0x100052dc       0x4c CMakeFiles/bitchordlab.dir/C_/Users/R2/.pico-sdk/sdk/1.5.1/lib/tinyusb/src/portable/raspberrypi/rp2040/rp2040_usb.c.obj
                0x100052dc                rp2040_usb_init
 .text.hw_endpoint_xfer_start
                0x10005328       0x50 CMakeFiles/bitchordlab.dir/C_/Users/R2/.pico-sdk/sdk/1.5.1/lib/tinyusb/src/portable/raspberrypi/rp2040/rp2040_usb.c.obj
                0x10005328                hw_endpoint_xfer_start
 .text.configuration_reset
                0x10005378       0x84 CMakeFiles/bitchordlab.dir/C_/Users/R2/.pico-sdk/sdk/1.5.1/lib/tinyusb/src/device/usbd.c.obj
 .text.critical_section_enter_blocking
                0x100053fc       0x16 CMakeFiles/bitchordlab.dir/C_/Users/R2/.pico-sdk/sdk/1.5.1/lib/tinyusb/src/device/usbd.c.obj
 .text.usbd_reset
                0x10005412        0xc CMakeFiles/bitchordlab.dir/C_/Users/R2/.pico-sdk/sdk/1.5.1/lib/tinyusb/src/device/usbd.c.obj
 .text.invoke_class_control
                0x1000541e       0x1a CMakeFiles/bitchordlab.dir/C_/Users/R2/.pico-sdk/sdk/1.5.1/lib/tinyusb/src/device/usbd.c.obj
 .text.process_set_config
                0x10005438      0x178 CMakeFiles/bitchordlab.dir/C_/Users/R2/.pico-sdk/sdk/1.5.1/lib/tinyusb/src/device/usbd.c.obj
 .text.process_get_descriptor
                0x100055b0       0xdc CMakeFiles/bitchordlab.dir/C_/Users/R2/.pico-sdk/sdk/1.5.1/lib/tinyusb/src/device/usbd.c.obj
 .text.tud_mounted
                0x1000568c       0x10 CMakeFiles/bitchordlab.dir/C_/Users/R2/.pico-sdk/sdk/1.5.1/lib/tinyusb/src/device/usbd.c.obj
                0x1000568c                tud_mounted
 .text.tud_suspended
                0x1000569c       0x10 CMakeFiles/bitchordlab.dir/C_/Users/R2/.pico-sdk/sdk/1.5.1/lib/tinyusb/src/device/usbd.c.obj
                0x1000569c                tud_suspended
 .text.tud_inited
                0x100056ac       0x14 CMakeFiles/bitchordlab.dir/C_/Users/R2/.pico-sdk/sdk/1.5.1/lib/tinyusb/src/device/usbd.c.obj
                0x100056ac                tud_inited
 .text.tud_init
                0x100056c0       0xcc CMakeFiles/bitchordlab.dir/C_/Users/R2/.pico-sdk/sdk/1.5.1/lib/tinyusb/src/device/usbd.c.obj
                0x100056c0                tud_init
 .text.usbd_defer_func
                0x1000578c       0x2a CMakeFiles/bitchordlab.dir/C_/Users/R2/.pico-sdk/sdk/1.5.1/lib/tinyusb/src/device/usbd.c.obj
                0x1000578c                usbd_defer_func
 *fill*         0x100057b6        0x2 
 .text.usbd_edpt_open
                0x100057b8       0x34 CMakeFiles/bitchordlab.dir/C_/Users/R2/.pico-sdk/sdk/1.5.1/lib/tinyusb/src/device/usbd.c.obj
                0x100057b8                usbd_edpt_open
 .text.usbd_open_edpt_pair
                0x100057ec       0x62 CMakeFiles/bitchordlab.dir/C_/Users/R2/.pico-sdk/sdk/1.5.1/lib/tinyusb/src/device/usbd.c.obj
                0x100057ec                usbd_open_edpt_pair
 *fill*         0x1000584e        0x2 
 .text.usbd_edpt_claim
                0x10005850       0x28 CMakeFiles/bitchordlab.dir/C_/Users/R2/.pico-sdk/sdk/1.5.1/lib/tinyusb/src/device/usbd.c.obj
                0x10005850                usbd_edpt_claim
 .text.usbd_edpt_release
                0x10005878       0x28 CMakeFiles/bitchordlab.dir/C_/Users/R2/.pico-sdk/sdk/1.5.1/lib/tinyusb/src/device/usbd.c.obj
                0x10005878                usbd_edpt_release
 .text.usbd_edpt_xfer
                0x100058a0       0x78 CMakeFiles/bitchordlab.dir/C_/Users/R2/.pico-sdk/sdk/1.5.1/lib/tinyusb/src/device/usbd.c.obj
                0x100058a0                usbd_edpt_xfer
 .text.usbd_edpt_stall
                0x10005918       0x48 CMakeFiles/bitchordlab.dir/C_/Users/R2/.pico-sdk/sdk/1.5.1/lib/tinyusb/src/device/usbd.c.obj
                0x10005918                usbd_edpt_stall
 .text.usbd_edpt_clear_stall
                0x10005960       0x48 CMakeFiles/bitchordlab.dir/C_/Users/R2/.pico-sdk/sdk/1.5.1/lib/tinyusb/src/device/usbd.c.obj
                0x10005960                usbd_edpt_clear_stall
 .text.usbd_edpt_stalled
                0x100059a8       0x1c CMakeFiles/bitchordlab.dir/C_/Users/R2/.pico-sdk/sdk/1.5.1/lib/tinyusb/src/device/usbd.c.obj
                0x100059a8                usbd_edpt_stalled
 .text.process_control_request
                0x100059c4      0x374 CMakeFiles/bitchordlab.dir/C_/Users/R2/.pico-sdk/sdk/1.5.1/lib/tinyusb/src/device/usbd.c.obj
 .text.tud_task_ext
                0x10005d38      0x1a8 CMakeFiles/bitchordlab.dir/C_/Users/R2/.pico-sdk/sdk/1.5.1/lib/tinyusb/src/device/usbd.c.obj
                0x10005d38                tud_task_ext
 .text._status_stage_xact
                0x10005ee0       0x1a CMakeFiles/bitchordlab.dir/C_/Users/R2/.pico-sdk/sdk/1.5.1/lib/tinyusb/src/device/usbd_control.c.obj
 *fill*         0x10005efa        0x2 
 .text._data_stage_xact
                0x10005efc       0x58 CMakeFiles/bitchordlab.dir/C_/Users/R2/.pico-sdk/sdk/1.5.1/lib/tinyusb/src/device/usbd_control.c.obj
 .text.tud_control_status
                0x10005f54       0x28 CMakeFiles/bitchordlab.dir/C_/Users/R2/.pico-sdk/sdk/1.5.1/lib/tinyusb/src/device/usbd_control.c.obj
                0x10005f54                tud_control_status
 .text.tud_control_xfer
                0x10005f7c       0x68 CMakeFiles/bitchordlab.dir/C_/Users/R2/.pico-sdk/sdk/1.5.1/lib/tinyusb/src/device/usbd_control.c.obj
                0x10005f7c                tud_control_xfer
 .text.usbd_control_reset
                0x10005fe4       0x14 CMakeFiles/bitchordlab.dir/C_/Users/R2/.pico-sdk/sdk/1.5.1/lib/tinyusb/src/device/usbd_control.c.obj
                0x10005fe4                usbd_control_reset
 .text.usbd_control_set_complete_callback
                0x10005ff8        0xc CMakeFiles/bitchordlab.dir/C_/Users/R2/.pico-sdk/sdk/1.5.1/lib/tinyusb/src/device/usbd_control.c.obj
                0x10005ff8                usbd_control_set_complete_callback
 .text.usbd_control_set_request
                0x10006004       0x1c CMakeFiles/bitchordlab.dir/C_/Users/R2/.pico-sdk/sdk/1.5.1/lib/tinyusb/src/device/usbd_control.c.obj
                0x10006004                usbd_control_set_request
 .text.usbd_control_xfer_cb
                0x10006020       0xbc CMakeFiles/bitchordlab.dir/C_/Users/R2/.pico-sdk/sdk/1.5.1/lib/tinyusb/src/device/usbd_control.c.obj
                0x10006020                usbd_control_xfer_cb
 .text._prep_out_transaction
                0x100060dc       0x4a CMakeFiles/bitchordlab.dir/C_/Users/R2/.pico-sdk/sdk/1.5.1/lib/tinyusb/src/class/cdc/cdc_device.c.obj
 *fill*         0x10006126        0x2 
 .text.tud_cdc_n_connected
                0x10006128       0x38 CMakeFiles/bitchordlab.dir/C_/Users/R2/.pico-sdk/sdk/1.5.1/lib/tinyusb/src/class/cdc/cdc_device.c.obj
                0x10006128                tud_cdc_n_connected
 .text.tud_cdc_n_available
                0x10006160       0x18 CMakeFiles/bitchordlab.dir/C_/Users/R2/.pico-sdk/sdk/1.5.1/lib/tinyusb/src/class/cdc/cdc_device.c.obj
                0x10006160                tud_cdc_n_available
 .text.tud_cdc_n_read
                0x10006178       0x28 CMakeFiles/bitchordlab.dir/C_/Users/R2/.pico-sdk/sdk/1.5.1/lib/tinyusb/src/class/cdc/cdc_device.c.obj
                0x10006178                tud_cdc_n_read
 .text.tud_cdc_n_write_flush
                0x100061a0       0xb8 CMakeFiles/bitchordlab.dir/C_/Users/R2/.pico-sdk/sdk/1.5.1/lib/tinyusb/src/class/cdc/cdc_device.c.obj
                0x100061a0                tud_cdc_n_write_flush
 .text.tud_cdc_n_write
                0x10006258       0x38 CMakeFiles/bitchordlab.dir/C_/Users/R2/.pico-sdk/sdk/1.5.1/lib/tinyusb/src/class/cdc/cdc_device.c.obj
                0x10006258                tud_cdc_n_write
 .text.tud_cdc_n_write_available
                0x10006290       0x1c CMakeFiles/bitchordlab.dir/C_/Users/R2/.pico-sdk/sdk/1.5.1/lib/tinyusb/src/class/cdc/cdc_device.c.obj
                0x10006290                tud_cdc_n_write_available
 .text.cdcd_init
                0x100062ac       0xbc CMakeFiles/bitchordlab.dir/C_/Users/R2/.pico-sdk/sdk/1.5.1/lib/tinyusb/src/class/cdc/cdc_device.c.obj
                0x100062ac                cdcd_init
 .text.cdcd_reset
                0x10006368       0x44 CMakeFiles/bitchordlab.dir/C_/Users/R2/.pico-sdk/sdk/1.5.1/lib/tinyusb/src/class/cdc/cdc_device.c.obj
                0x10006368                cdcd_reset
 .text.cdcd_open
                0x100063ac       0xc4 CMakeFiles/bitchordlab.dir/C_/Users/R2/.pico-sdk/sdk/1.5.1/lib/tinyusb/src/class/cdc/cdc_device.c.obj
                0x100063ac                cdcd_open
 .text.cdcd_control_xfer_cb
                0x10006470      0x134 CMakeFiles/bitchordlab.dir/C_/Users/R2/.pico-sdk/sdk/1.5.1/lib/tinyusb/src/class/cdc/cdc_device.c.obj
                0x10006470                cdcd_control_xfer_cb
 .text.cdcd_xfer_cb
                0x100065a4      0x130 CMakeFiles/bitchordlab.dir/C_/Users/R2/.pico-sdk/sdk/1.5.1/lib/tinyusb/src/class/cdc/cdc_device.c.obj
                0x100065a4                cdcd_xfer_cb
 .text.tusb_init
                0x100066d4        0xa CMakeFiles/bitchordlab.dir/C_/Users/R2/.pico-sdk/sdk/1.5.1/lib/tinyusb/src/tusb.c.obj
                0x100066d4                tusb_init
 .text.tusb_inited
                0x100066de        0xe CMakeFiles/bitchordlab.dir/C_/Users/R2/.pico-sdk/sdk/1.5.1/lib/tinyusb/src/tusb.c.obj
                0x100066de                tusb_inited
 .text.tu_edpt_claim
                0x100066ec       0x50 CMakeFiles/bitchordlab.dir/C_/Users/R2/.pico-sdk/sdk/1.5.1/lib/tinyusb/src/tusb.c.obj
                0x100066ec                tu_edpt_claim
 .text.tu_edpt_release
                0x1000673c       0x38 CMakeFiles/bitchordlab.dir/C_/Users/R2/.pico-sdk/sdk/1.5.1/lib/tinyusb/src/tusb.c.obj
                0x1000673c                tu_edpt_release
 .text.tu_edpt_validate
                0x10006774       0x78 CMakeFiles/bitchordlab.dir/C_/Users/R2/.pico-sdk/sdk/1.5.1/lib/tinyusb/src/tusb.c.obj
                0x10006774                tu_edpt_validate
 .text.tu_edpt_bind_driver
                0x100067ec       0x26 CMakeFiles/bitchordlab.dir/C_/Users/R2/.pico-sdk/sdk/1.5.1/lib/tinyusb/src/tusb.c.obj
                0x100067ec                tu_edpt_bind_driver
 .text.advance_index
                0x10006812       0x1a CMakeFiles/bitchordlab.dir/C_/Users/R2/.pico-sdk/sdk/1.5.1/lib/tinyusb/src/common/tusb_fifo.c.obj
 .text._tu_fifo_peek
                0x1000682c       0x56 CMakeFiles/bitchordlab.dir/C_/Users/R2/.pico-sdk/sdk/1.5.1/lib/tinyusb/src/common/tusb_fifo.c.obj
 .text._ff_pull_const_addr
                0x10006882       0x4c CMakeFiles/bitchordlab.dir/C_/Users/R2/.pico-sdk/sdk/1.5.1/lib/tinyusb/src/common/tusb_fifo.c.obj
 .text._ff_pull_n
                0x100068ce      0x110 CMakeFiles/bitchordlab.dir/C_/Users/R2/.pico-sdk/sdk/1.5.1/lib/tinyusb/src/common/tusb_fifo.c.obj
 .text._tu_fifo_peek_n
                0x100069de       0x6a CMakeFiles/bitchordlab.dir/C_/Users/R2/.pico-sdk/sdk/1.5.1/lib/tinyusb/src/common/tusb_fifo.c.obj
 .text._tu_fifo_read_n
                0x10006a48       0x4e CMakeFiles/bitchordlab.dir/C_/Users/R2/.pico-sdk/sdk/1.5.1/lib/tinyusb/src/common/tusb_fifo.c.obj
 .text._ff_push_const_addr
                0x10006a96       0x40 CMakeFiles/bitchordlab.dir/C_/Users/R2/.pico-sdk/sdk/1.5.1/lib/tinyusb/src/common/tusb_fifo.c.obj
 .text._ff_push_n
                0x10006ad6      0x10c CMakeFiles/bitchordlab.dir/C_/Users/R2/.pico-sdk/sdk/1.5.1/lib/tinyusb/src/common/tusb_fifo.c.obj
 .text._tu_fifo_write_n
                0x10006be2       0xf0 CMakeFiles/bitchordlab.dir/C_/Users/R2/.pico-sdk/sdk/1.5.1/lib/tinyusb/src/common/tusb_fifo.c.obj
 .text.tu_fifo_config
                0x10006cd2       0x7c CMakeFiles/bitchordlab.dir/C_/Users/R2/.pico-sdk/sdk/1.5.1/lib/tinyusb/src/common/tusb_fifo.c.obj
                0x10006cd2                tu_fifo_config
 .text.tu_fifo_count
                0x10006d4e       0x2a CMakeFiles/bitchordlab.dir/C_/Users/R2/.pico-sdk/sdk/1.5.1/lib/tinyusb/src/common/tusb_fifo.c.obj
                0x10006d4e                tu_fifo_count
 .text.tu_fifo_empty
                0x10006d78        0xe CMakeFiles/bitchordlab.dir/C_/Users/R2/.pico-sdk/sdk/1.5.1/lib/tinyusb/src/common/tusb_fifo.c.obj
                0x10006d78                tu_fifo_empty
 .text.tu_fifo_full
                0x10006d86       0x28 CMakeFiles/bitchordlab.dir/C_/Users/R2/.pico-sdk/sdk/1.5.1/lib/tinyusb/src/common/tusb_fifo.c.obj
                0x10006d86                tu_fifo_full
 .text.tu_fifo_remaining
                0x10006dae       0x2c CMakeFiles/bitchordlab.dir/C_/Users/R2/.pico-sdk/sdk/1.5.1/lib/tinyusb/src/common/tusb_fifo.c.obj
                0x10006dae                tu_fifo_remaining
 .text.tu_fifo_read
                0x10006dda       0x42 CMakeFiles/bitchordlab.dir/C_/Users/R2/.pico-sdk/sdk/1.5.1/lib/tinyusb/src/common/tusb_fifo.c.obj
                0x10006dda                tu_fifo_read
 .text.tu_fifo_read_n
                0x10006e1c        0xa CMakeFiles/bitchordlab.dir/C_/Users/R2/.pico-sdk/sdk/1.5.1/lib/tinyusb/src/common/tusb_fifo.c.obj
                0x10006e1c                tu_fifo_read_n
 .text.tu_fifo_write
                0x10006e26       0x64 CMakeFiles/bitchordlab.dir/C_/Users/R2/.pico-sdk/sdk/1.5.1/lib/tinyusb/src/common/tusb_fifo.c.obj
                0x10006e26                tu_fifo_write
 .text.tu_fifo_write_n
                0x10006e8a        0xa CMakeFiles/bitchordlab.dir/C_/Users/R2/.pico-sdk/sdk/1.5.1/lib/tinyusb/src/common/tusb_fifo.c.obj
                0x10006e8a                tu_fifo_write_n
 .text.tu_fifo_clear
                0x10006e94       0x3e CMakeFiles/bitchordlab.dir/C_/Users/R2/.pico-sdk/sdk/1.5.1/lib/tinyusb/src/common/tusb_fifo.c.obj
                0x10006e94                tu_fifo_clear
 .text.tu_fifo_set_overwritable
                0x10006ed2       0x46 CMakeFiles/bitchordlab.dir/C_/Users/R2/.pico-sdk/sdk/1.5.1/lib/tinyusb/src/common/tusb_fifo.c.obj
                0x10006ed2                tu_fifo_set_overwritable
 .text.pio_get_default_sm_config
                0x10006f18       0x28 CMakeFiles/bitchordlab.dir/C_/Users/R2/.pico-sdk/sdk/1.5.1/src/rp2_common/hardware_pio/pio.c.obj
 .text._pio_can_add_program_at_offset
                0x10006f40       0x3c CMakeFiles/bitchordlab.dir/C_/Users/R2/.pico-sdk/sdk/1.5.1/src/rp2_common/hardware_pio/pio.c.obj
 .text._pio_find_offset_for_program
                0x10006f7c       0x7c CMakeFiles/bitchordlab.dir/C_/Users/R2/.pico-sdk/sdk/1.5.1/src/rp2_common/hardware_pio/pio.c.obj
 .text._pio_add_program_at_offset
                0x10006ff8       0x7c CMakeFiles/bitchordlab.dir/C_/Users/R2/.pico-sdk/sdk/1.5.1/src/rp2_common/hardware_pio/pio.c.obj
 .text.pio_claim_unused_sm
                0x10007074       0x3c CMakeFiles/bitchordlab.dir/C_/Users/R2/.pico-sdk/sdk/1.5.1/src/rp2_common/hardware_pio/pio.c.obj
                0x10007074                pio_claim_unused_sm
 .text.pio_add_program
                0x100070b0       0x38 CMakeFiles/bitchordlab.dir/C_/Users/R2/.pico-sdk/sdk/1.5.1/src/rp2_common/hardware_pio/pio.c.obj
                0x100070b0                pio_add_program
 .text.pio_sm_set_consecutive_pindirs
                0x100070e8       0xa4 CMakeFiles/bitchordlab.dir/C_/Users/R2/.pico-sdk/sdk/1.5.1/src/rp2_common/hardware_pio/pio.c.obj
                0x100070e8                pio_sm_set_consecutive_pindirs
 .text.pio_sm_init
                0x1000718c       0xb0 CMakeFiles/bitchordlab.dir/C_/Users/R2/.pico-sdk/sdk/1.5.1/src/rp2_common/hardware_pio/pio.c.obj
                0x1000718c                pio_sm_init
 .text.adc_init
                0x1000723c       0x34 CMakeFiles/bitchordlab.dir/C_/Users/R2/.pico-sdk/sdk/1.5.1/src/rp2_common/hardware_adc/adc.c.obj
                0x1000723c                adc_init
 .text.i2c_write_blocking_internal
                0x10007270      0x146 CMakeFiles/bitchordlab.dir/C_/Users/R2/.pico-sdk/sdk/1.5.1/src/rp2_common/hardware_i2c/i2c.c.obj
 *fill*         0x100073b6        0x2 
 .text.i2c_set_baudrate
                0x100073b8       0xf0 CMakeFiles/bitchordlab.dir/C_/Users/R2/.pico-sdk/sdk/1.5.1/src/rp2_common/hardware_i2c/i2c.c.obj
                0x100073b8                i2c_set_baudrate
 .text.i2c_init
                0x100074a8       0x58 CMakeFiles/bitchordlab.dir/C_/Users/R2/.pico-sdk/sdk/1.5.1/src/rp2_common/hardware_i2c/i2c.c.obj
                0x100074a8                i2c_init
 .text.i2c_write_blocking
                0x10007500       0x18 CMakeFiles/bitchordlab.dir/C_/Users/R2/.pico-sdk/sdk/1.5.1/src/rp2_common/hardware_i2c/i2c.c.obj
                0x10007500                i2c_write_blocking
 .text.malloc   0x10007518       0x14 C:/Users/R2/.pico-sdk/toolchain/13_3_Rel1/bin/../lib/gcc/arm-none-eabi/13.3.1/thumb/v6-m/nofp\libg.a(libc_a-malloc.o)
                0x10007518                malloc
 .text.free     0x1000752c       0x14 C:/Users/R2/.pico-sdk/toolchain/13_3_Rel1/bin/../lib/gcc/arm-none-eabi/13.3.1/thumb/v6-m/nofp\libg.a(libc_a-malloc.o)
                0x1000752c                free
 .text._malloc_r
                0x10007540      0x5c4 C:/Users/R2/.pico-sdk/toolchain/13_3_Rel1/bin/../lib/gcc/arm-none-eabi/13.3.1/thumb/v6-m/nofp\libg.a(libc_a-mallocr.o)
                0x10007540                _malloc_r
 .text.__malloc_lock
                0x10007b04       0x10 C:/Users/R2/.pico-sdk/toolchain/13_3_Rel1/bin/../lib/gcc/arm-none-eabi/13.3.1/thumb/v6-m/nofp\libg.a(libc_a-mlock.o)
                0x10007b04                __malloc_lock
 .text.__malloc_unlock
                0x10007b14       0x10 C:/Users/R2/.pico-sdk/toolchain/13_3_Rel1/bin/../lib/gcc/arm-none-eabi/13.3.1/thumb/v6-m/nofp\libg.a(libc_a-mlock.o)
                0x10007b14                __malloc_unlock
 .text._sbrk_r  0x10007b24       0x24 C:/Users/R2/.pico-sdk/toolchain/13_3_Rel1/bin/../lib/gcc/arm-none-eabi/13.3.1/thumb/v6-m/nofp\libg.a(libc_a-sbrkr.o)
                0x10007b24                _sbrk_r
 .text.__errno  0x10007b48        0xc C:/Users/R2/.pico-sdk/toolchain/13_3_Rel1/bin/../lib/gcc/arm-none-eabi/13.3.1/thumb/v6-m/nofp\libg.a(libc_a-errno.o)
                0x10007b48                __errno
 .text.__retarget_lock_acquire_recursive
                0x10007b54        0x4 C:/Users/R2/.pico-sdk/toolchain/13_3_Rel1/bin/../lib/gcc/arm-none-eabi/13.3.1/thumb/v6-m/nofp\libg.a(libc_a-lock.o)
                0x10007b54                __retarget_lock_acquire_recursive
 .text.__retarget_lock_release_recursive
                0x10007b58        0x4 C:/Users/R2/.pico-sdk/toolchain/13_3_Rel1/bin/../lib/gcc/arm-none-eabi/13.3.1/thumb/v6-m/nofp\libg.a(libc_a-lock.o)
                0x10007b58                __retarget_lock_release_recursive
 .text.sysconf  0x10007b5c       0x1c C:/Users/R2/.pico-sdk/toolchain/13_3_Rel1/bin/../lib/gcc/arm-none-eabi/13.3.1/thumb/v6-m/nofp\libg.a(libc_a-sysconf.o)
                0x10007b5c                sysconf
 .text.strlen   0x10007b78       0x5c C:/Users/R2/.pico-sdk/toolchain/13_3_Rel1/bin/../lib/gcc/arm-none-eabi/13.3.1/thumb/v6-m/nofp\libg.a(libc_a-strlen-stub.o)
                0x10007b78                strlen
 .text._malloc_trim_r
                0x10007bd4       0xb4 C:/Users/R2/.pico-sdk/toolchain/13_3_Rel1/bin/../lib/gcc/arm-none-eabi/13.3.1/thumb/v6-m/nofp\libg.a(libc_a-freer.o)
                0x10007bd4                _malloc_trim_r
 .text._free_r  0x10007c88      0x1d4 C:/Users/R2/.pico-sdk/toolchain/13_3_Rel1/bin/../lib/gcc/arm-none-eabi/13.3.1/thumb/v6-m/nofp\libg.a(libc_a-freer.o)
                0x10007c88                _free_r
 *(.fini)
 .fini          0x10007e5c        0x4 C:/Users/R2/.pico-sdk/toolchain/13_3_Rel1/bin/../lib/gcc/arm-none-eabi/13.3.1/thumb/v6-m/nofp/crti.o
                0x10007e5c                _fini
 .fini.__stub   0x10007e60       0xe0 linker stubs
 *crtbegin.o(.ctors)
 *crtbegin?.o(.ctors)
 *(EXCLUDE_FILE(*crtend.o *crtend?.o) .ctors)
 *(SORT_BY_NAME(.ctors.*))
 *(.ctors)
 *crtbegin.o(.dtors)
 *crtbegin?.o(.dtors)
 *(EXCLUDE_FILE(*crtend.o *crtend?.o) .dtors)
 *(SORT_BY_NAME(.dtors.*))
 *(.dtors)
 *(.eh_frame*)
 .eh_frame      0x10007f40        0x0 C:/Users/R2/.pico-sdk/toolchain/13_3_Rel1/bin/../lib/gcc/arm-none-eabi/13.3.1/thumb/v6-m/nofp/crtbegin.o
                0x10007f40                        . = ALIGN (0x4)

.glue_7         0x10007f40        0x0
 .glue_7        0x10007f40        0x0 linker stubs

.glue_7t        0x10007f40        0x0
 .glue_7t       0x10007f40        0x0 linker stubs

.vfp11_veneer   0x10007f40        0x0
 .vfp11_veneer  0x10007f40        0x0 linker stubs

.v4_bx          0x10007f40        0x0
 .v4_bx         0x10007f40        0x0 linker stubs

.iplt           0x10007f40        0x0
 .iplt          0x10007f40        0x0 C:/Users/R2/.pico-sdk/toolchain/13_3_Rel1/bin/../lib/gcc/arm-none-eabi/13.3.1/thumb/v6-m/nofp/crtbegin.o

.rodata         0x10007f40     0x1a84
 *(EXCLUDE_FILE(*libm.a: *libc.a:*lib_a-mem*.o *libgcc.a:) .rodata*)
 .rodata.update_display.str1.4
                0x10007f40     0x10e6 CMakeFiles/bitchordlab.dir/bitchordlab.c.obj
                                 0x21 (size before relaxing)
 *fill*         0x10009026        0x2 
 .rodata.charango_patterns
                0x10009028       0x23 CMakeFiles/bitchordlab.dir/bitchordlab.c.obj
                0x10009028                charango_patterns
 *fill*         0x1000904b        0x1 
 .rodata.guitar_patterns
                0x1000904c       0x23 CMakeFiles/bitchordlab.dir/bitchordlab.c.obj
                0x1000904c                guitar_patterns
 .rodata.str1.4
                0x1000906f       0x58 CMakeFiles/bitchordlab.dir/bitchordlab.c.obj
 *fill*         0x1000906f        0x1 
 .rodata.ws2818b_program
                0x10009070        0x6 CMakeFiles/bitchordlab.dir/bitchordlab.c.obj
 *fill*         0x10009076        0x2 
 .rodata.ws2818b_program_instructions
                0x10009078        0x8 CMakeFiles/bitchordlab.dir/bitchordlab.c.obj
 .rodata.ssd1306_set_pixel.str1.4
                0x10009080       0x84 CMakeFiles/bitchordlab.dir/inc/ssd1306_i2c.c.obj
 .rodata.__func__.0
                0x10009080       0x12 CMakeFiles/bitchordlab.dir/inc/ssd1306_i2c.c.obj
 *fill*         0x10009092        0x2 
 .rodata.font   0x10009094      0x128 CMakeFiles/bitchordlab.dir/inc/ssd1306_i2c.c.obj
 .rodata        0x100091bc       0x1a CMakeFiles/bitchordlab.dir/inc/ssd1306_i2c.c.obj
 .rodata.spin_lock_claim_unused.str1.4
                0x100091d6       0x1b CMakeFiles/bitchordlab.dir/C_/Users/R2/.pico-sdk/sdk/1.5.1/src/rp2_common/hardware_sync/sync.c.obj
 .rodata.resolve_branch.str1.4
                0x100091d6       0x5a CMakeFiles/bitchordlab.dir/C_/Users/R2/.pico-sdk/sdk/1.5.1/src/rp2_common/hardware_irq/irq.c.obj
 .rodata.make_branch.str1.4
                0x100091d6       0x30 CMakeFiles/bitchordlab.dir/C_/Users/R2/.pico-sdk/sdk/1.5.1/src/rp2_common/hardware_irq/irq.c.obj
 .rodata.insert_branch_and_link.str1.4
                0x100091d6       0x10 CMakeFiles/bitchordlab.dir/C_/Users/R2/.pico-sdk/sdk/1.5.1/src/rp2_common/hardware_irq/irq.c.obj
 .rodata.irq_set_exclusive_handler.str1.4
                0x100091d6       0x36 CMakeFiles/bitchordlab.dir/C_/Users/R2/.pico-sdk/sdk/1.5.1/src/rp2_common/hardware_irq/irq.c.obj
 .rodata.irq_add_shared_handler.str1.4
                0x100091d6       0xc2 CMakeFiles/bitchordlab.dir/C_/Users/R2/.pico-sdk/sdk/1.5.1/src/rp2_common/hardware_irq/irq.c.obj
 .rodata.irq_remove_handler.str1.4
                0x100091d6       0x3a CMakeFiles/bitchordlab.dir/C_/Users/R2/.pico-sdk/sdk/1.5.1/src/rp2_common/hardware_irq/irq.c.obj
 .rodata.irq_add_tail_to_free_list.str1.4
                0x100091d6       0x3a CMakeFiles/bitchordlab.dir/C_/Users/R2/.pico-sdk/sdk/1.5.1/src/rp2_common/hardware_irq/irq.c.obj
 .rodata.user_irq_claim_unused.str1.4
                0x100091d6       0x1b CMakeFiles/bitchordlab.dir/C_/Users/R2/.pico-sdk/sdk/1.5.1/src/rp2_common/hardware_irq/irq.c.obj
 *fill*         0x100091d6        0x2 
 .rodata.__func__.0
                0x100091d8       0x1a CMakeFiles/bitchordlab.dir/C_/Users/R2/.pico-sdk/sdk/1.5.1/src/rp2_common/hardware_irq/irq.c.obj
 *fill*         0x100091f2        0x2 
 .rodata.__func__.1
                0x100091f4       0x17 CMakeFiles/bitchordlab.dir/C_/Users/R2/.pico-sdk/sdk/1.5.1/src/rp2_common/hardware_irq/irq.c.obj
 *fill*         0x1000920b        0x1 
 .rodata.__func__.2
                0x1000920c       0x13 CMakeFiles/bitchordlab.dir/C_/Users/R2/.pico-sdk/sdk/1.5.1/src/rp2_common/hardware_irq/irq.c.obj
 *fill*         0x1000921f        0x1 
 .rodata.__func__.3
                0x10009220        0xc CMakeFiles/bitchordlab.dir/C_/Users/R2/.pico-sdk/sdk/1.5.1/src/rp2_common/hardware_irq/irq.c.obj
 .rodata.__func__.4
                0x1000922c        0xf CMakeFiles/bitchordlab.dir/C_/Users/R2/.pico-sdk/sdk/1.5.1/src/rp2_common/hardware_irq/irq.c.obj
 *fill*         0x1000923b        0x1 
 .rodata.__func__.5
                0x1000923c       0x17 CMakeFiles/bitchordlab.dir/C_/Users/R2/.pico-sdk/sdk/1.5.1/src/rp2_common/hardware_irq/irq.c.obj
 *fill*         0x10009253        0x1 
 .rodata.__func__.6
                0x10009254       0x1a CMakeFiles/bitchordlab.dir/C_/Users/R2/.pico-sdk/sdk/1.5.1/src/rp2_common/hardware_irq/irq.c.obj
 .rodata.update_us_since_boot.str1.4
                0x1000926e       0x66 CMakeFiles/bitchordlab.dir/C_/Users/R2/.pico-sdk/sdk/1.5.1/src/common/pico_sync/mutex.c.obj
 .rodata.str1.4
                0x1000926e       0x91 CMakeFiles/bitchordlab.dir/C_/Users/R2/.pico-sdk/sdk/1.5.1/src/common/pico_sync/mutex.c.obj
 *fill*         0x1000926e        0x2 
 .rodata.__func__.1
                0x10009270        0xb CMakeFiles/bitchordlab.dir/C_/Users/R2/.pico-sdk/sdk/1.5.1/src/common/pico_sync/mutex.c.obj
 *fill*         0x1000927b        0x1 
 .rodata.__func__.3
                0x1000927c       0x18 CMakeFiles/bitchordlab.dir/C_/Users/R2/.pico-sdk/sdk/1.5.1/src/common/pico_sync/mutex.c.obj
 .rodata.__func__.4
                0x10009294       0x15 CMakeFiles/bitchordlab.dir/C_/Users/R2/.pico-sdk/sdk/1.5.1/src/common/pico_sync/mutex.c.obj
 .rodata.get_entry.str1.4
                0x100092a9       0x60 CMakeFiles/bitchordlab.dir/C_/Users/R2/.pico-sdk/sdk/1.5.1/src/common/pico_time/time.c.obj
 .rodata.update_us_since_boot.str1.4
                0x100092a9       0x66 CMakeFiles/bitchordlab.dir/C_/Users/R2/.pico-sdk/sdk/1.5.1/src/common/pico_time/time.c.obj
 .rodata.ph_get_node.str1.4
                0x100092a9       0x6b CMakeFiles/bitchordlab.dir/C_/Users/R2/.pico-sdk/sdk/1.5.1/src/common/pico_time/time.c.obj
 .rodata.ph_add_child_node.str1.4
                0x100092a9       0x2e CMakeFiles/bitchordlab.dir/C_/Users/R2/.pico-sdk/sdk/1.5.1/src/common/pico_time/time.c.obj
 .rodata.ph_insert_node.str1.4
                0x100092a9        0x3 CMakeFiles/bitchordlab.dir/C_/Users/R2/.pico-sdk/sdk/1.5.1/src/common/pico_time/time.c.obj
 .rodata.ph_free_node.str1.4
                0x100092a9       0x38 CMakeFiles/bitchordlab.dir/C_/Users/R2/.pico-sdk/sdk/1.5.1/src/common/pico_time/time.c.obj
 .rodata.add_alarm_under_lock.str1.4
                0x100092a9       0x28 CMakeFiles/bitchordlab.dir/C_/Users/R2/.pico-sdk/sdk/1.5.1/src/common/pico_time/time.c.obj
 .rodata.alarm_pool_alarm_callback.str1.4
                0x100092a9       0x60 CMakeFiles/bitchordlab.dir/C_/Users/R2/.pico-sdk/sdk/1.5.1/src/common/pico_time/time.c.obj
 .rodata.alarm_pool_get_default.str1.4
                0x100092a9       0x21 CMakeFiles/bitchordlab.dir/C_/Users/R2/.pico-sdk/sdk/1.5.1/src/common/pico_time/time.c.obj
 .rodata.alarm_pool_cancel_alarm.str1.4
                0x100092a9       0x27 CMakeFiles/bitchordlab.dir/C_/Users/R2/.pico-sdk/sdk/1.5.1/src/common/pico_time/time.c.obj
 .rodata.sleep_until.str1.4
                0x100092a9       0x4d CMakeFiles/bitchordlab.dir/C_/Users/R2/.pico-sdk/sdk/1.5.1/src/common/pico_time/time.c.obj
 *fill*         0x100092a9        0x3 
 .rodata.__func__.1
                0x100092ac       0x18 CMakeFiles/bitchordlab.dir/C_/Users/R2/.pico-sdk/sdk/1.5.1/src/common/pico_time/time.c.obj
 .rodata.__func__.3
                0x100092c4       0x17 CMakeFiles/bitchordlab.dir/C_/Users/R2/.pico-sdk/sdk/1.5.1/src/common/pico_time/time.c.obj
 *fill*         0x100092db        0x1 
 .rodata.__func__.4
                0x100092dc       0x12 CMakeFiles/bitchordlab.dir/C_/Users/R2/.pico-sdk/sdk/1.5.1/src/common/pico_time/time.c.obj
 *fill*         0x100092ee        0x2 
 .rodata.__func__.5
                0x100092f0        0xd CMakeFiles/bitchordlab.dir/C_/Users/R2/.pico-sdk/sdk/1.5.1/src/common/pico_time/time.c.obj
 *fill*         0x100092fd        0x3 
 .rodata.__func__.6
                0x10009300       0x12 CMakeFiles/bitchordlab.dir/C_/Users/R2/.pico-sdk/sdk/1.5.1/src/common/pico_time/time.c.obj
 *fill*         0x10009312        0x2 
 .rodata.__func__.7
                0x10009314        0xf CMakeFiles/bitchordlab.dir/C_/Users/R2/.pico-sdk/sdk/1.5.1/src/common/pico_time/time.c.obj
 *fill*         0x10009323        0x1 
 .rodata.__func__.8
                0x10009324        0xc CMakeFiles/bitchordlab.dir/C_/Users/R2/.pico-sdk/sdk/1.5.1/src/common/pico_time/time.c.obj
 .rodata.__func__.9
                0x10009330       0x15 CMakeFiles/bitchordlab.dir/C_/Users/R2/.pico-sdk/sdk/1.5.1/src/common/pico_time/time.c.obj
 *fill*         0x10009345        0x3 
 .rodata.__func__.10
                0x10009348       0x15 CMakeFiles/bitchordlab.dir/C_/Users/R2/.pico-sdk/sdk/1.5.1/src/common/pico_time/time.c.obj
 *fill*         0x1000935d        0x3 
 .rodata.__func__.11
                0x10009360       0x1a CMakeFiles/bitchordlab.dir/C_/Users/R2/.pico-sdk/sdk/1.5.1/src/common/pico_time/time.c.obj
 *fill*         0x1000937a        0x2 
 .rodata.__func__.12
                0x1000937c        0xa CMakeFiles/bitchordlab.dir/C_/Users/R2/.pico-sdk/sdk/1.5.1/src/common/pico_time/time.c.obj
 .rodata.hardware_alarm_claim.str1.4
                0x10009386       0x22 CMakeFiles/bitchordlab.dir/C_/Users/R2/.pico-sdk/sdk/1.5.1/src/rp2_common/hardware_timer/timer.c.obj
 .rodata.hardware_alarm_set_target.str1.4
                0x10009386       0x6a CMakeFiles/bitchordlab.dir/C_/Users/R2/.pico-sdk/sdk/1.5.1/src/rp2_common/hardware_timer/timer.c.obj
 *fill*         0x10009386        0x2 
 .rodata.__func__.0
                0x10009388       0x1a CMakeFiles/bitchordlab.dir/C_/Users/R2/.pico-sdk/sdk/1.5.1/src/rp2_common/hardware_timer/timer.c.obj
 .rodata.ph_get_node.str1.4
                0x100093a2       0x6b CMakeFiles/bitchordlab.dir/C_/Users/R2/.pico-sdk/sdk/1.5.1/src/common/pico_util/pheap.c.obj
 .rodata.ph_add_child_node.str1.4
                0x100093a2       0x2e CMakeFiles/bitchordlab.dir/C_/Users/R2/.pico-sdk/sdk/1.5.1/src/common/pico_util/pheap.c.obj
 .rodata.ph_remove_any_head.str1.4
                0x100093a2       0xa8 CMakeFiles/bitchordlab.dir/C_/Users/R2/.pico-sdk/sdk/1.5.1/src/common/pico_util/pheap.c.obj
 .rodata.ph_remove_and_free_node.str1.4
                0x100093a2       0x26 CMakeFiles/bitchordlab.dir/C_/Users/R2/.pico-sdk/sdk/1.5.1/src/common/pico_util/pheap.c.obj
 *fill*         0x100093a2        0x2 
 .rodata.__func__.0
                0x100093a4       0x18 CMakeFiles/bitchordlab.dir/C_/Users/R2/.pico-sdk/sdk/1.5.1/src/common/pico_util/pheap.c.obj
 .rodata.__func__.1
                0x100093bc       0x13 CMakeFiles/bitchordlab.dir/C_/Users/R2/.pico-sdk/sdk/1.5.1/src/common/pico_util/pheap.c.obj
 *fill*         0x100093cf        0x1 
 .rodata.__func__.2
                0x100093d0       0x12 CMakeFiles/bitchordlab.dir/C_/Users/R2/.pico-sdk/sdk/1.5.1/src/common/pico_util/pheap.c.obj
 *fill*         0x100093e2        0x2 
 .rodata.__func__.3
                0x100093e4        0xc CMakeFiles/bitchordlab.dir/C_/Users/R2/.pico-sdk/sdk/1.5.1/src/common/pico_util/pheap.c.obj
 .rodata.clock_configure.str1.4
                0x100093f0       0x5c CMakeFiles/bitchordlab.dir/C_/Users/R2/.pico-sdk/sdk/1.5.1/src/rp2_common/hardware_clocks/clocks.c.obj
 .rodata.__func__.1
                0x100093f0       0x10 CMakeFiles/bitchordlab.dir/C_/Users/R2/.pico-sdk/sdk/1.5.1/src/rp2_common/hardware_clocks/clocks.c.obj
 .rodata.pll_init.str1.4
                0x10009400      0x128 CMakeFiles/bitchordlab.dir/C_/Users/R2/.pico-sdk/sdk/1.5.1/src/rp2_common/hardware_pll/pll.c.obj
 .rodata.__func__.0
                0x10009400        0x9 CMakeFiles/bitchordlab.dir/C_/Users/R2/.pico-sdk/sdk/1.5.1/src/rp2_common/hardware_pll/pll.c.obj
 .rodata.__assert_func.str1.4
                0x10009409       0x43 CMakeFiles/bitchordlab.dir/C_/Users/R2/.pico-sdk/sdk/1.5.1/src/rp2_common/pico_runtime/runtime.c.obj
 .rodata.runtime_init.str1.4
                0x10009409       0x66 CMakeFiles/bitchordlab.dir/C_/Users/R2/.pico-sdk/sdk/1.5.1/src/rp2_common/pico_runtime/runtime.c.obj
 .rodata.panic.str1.4
                0x10009409       0x12 CMakeFiles/bitchordlab.dir/C_/Users/R2/.pico-sdk/sdk/1.5.1/src/rp2_common/pico_runtime/runtime.c.obj
 *fill*         0x10009409        0x3 
 .rodata.__func__.2
                0x1000940c        0xd CMakeFiles/bitchordlab.dir/C_/Users/R2/.pico-sdk/sdk/1.5.1/src/rp2_common/pico_runtime/runtime.c.obj
 .rodata._ftoa.str1.4
                0x10009419       0x15 CMakeFiles/bitchordlab.dir/C_/Users/R2/.pico-sdk/sdk/1.5.1/src/rp2_common/pico_printf/printf.c.obj
 *fill*         0x10009419        0x3 
 .rodata._vsnprintf
                0x1000941c      0x19c CMakeFiles/bitchordlab.dir/C_/Users/R2/.pico-sdk/sdk/1.5.1/src/rp2_common/pico_printf/printf.c.obj
 .rodata.pow10.0
                0x100095b8       0x50 CMakeFiles/bitchordlab.dir/C_/Users/R2/.pico-sdk/sdk/1.5.1/src/rp2_common/pico_printf/printf.c.obj
 .rodata.missing_double_func_shim.str1.4
                0x10009608       0x18 CMakeFiles/bitchordlab.dir/C_/Users/R2/.pico-sdk/sdk/1.5.1/src/rp2_common/pico_double/double_init_rom.c.obj
 .rodata.__aeabi_double_init.str1.4
                0x10009608       0xa1 CMakeFiles/bitchordlab.dir/C_/Users/R2/.pico-sdk/sdk/1.5.1/src/rp2_common/pico_double/double_init_rom.c.obj
 .rodata.__func__.0
                0x10009608       0x14 CMakeFiles/bitchordlab.dir/C_/Users/R2/.pico-sdk/sdk/1.5.1/src/rp2_common/pico_double/double_init_rom.c.obj
 .rodata.missing_float_func_shim.str1.4
                0x1000961c        0x1 CMakeFiles/bitchordlab.dir/C_/Users/R2/.pico-sdk/sdk/1.5.1/src/rp2_common/pico_float/float_init_rom.c.obj
 .rodata.__aeabi_float_init.str1.4
                0x1000961c       0x7f CMakeFiles/bitchordlab.dir/C_/Users/R2/.pico-sdk/sdk/1.5.1/src/rp2_common/pico_float/float_init_rom.c.obj
 .rodata.__func__.0
                0x1000961c       0x13 CMakeFiles/bitchordlab.dir/C_/Users/R2/.pico-sdk/sdk/1.5.1/src/rp2_common/pico_float/float_init_rom.c.obj
 .rodata.check_alloc.str1.4
                0x1000962f        0xe CMakeFiles/bitchordlab.dir/C_/Users/R2/.pico-sdk/sdk/1.5.1/src/rp2_common/pico_malloc/pico_malloc.c.obj
 .rodata.str1.4
                0x1000962f       0x44 CMakeFiles/bitchordlab.dir/C_/Users/R2/.pico-sdk/sdk/1.5.1/src/rp2_common/pico_standard_link/binary_info.c.obj
 *fill*         0x1000962f        0x1 
 .rodata.__bi_81
                0x10009630        0xc CMakeFiles/bitchordlab.dir/C_/Users/R2/.pico-sdk/sdk/1.5.1/src/rp2_common/pico_standard_link/binary_info.c.obj
 .rodata.__bi_75
                0x1000963c        0xc CMakeFiles/bitchordlab.dir/C_/Users/R2/.pico-sdk/sdk/1.5.1/src/rp2_common/pico_standard_link/binary_info.c.obj
 .rodata.__bi_56
                0x10009648        0xc CMakeFiles/bitchordlab.dir/C_/Users/R2/.pico-sdk/sdk/1.5.1/src/rp2_common/pico_standard_link/binary_info.c.obj
 .rodata.__bi_44
                0x10009654        0xc CMakeFiles/bitchordlab.dir/C_/Users/R2/.pico-sdk/sdk/1.5.1/src/rp2_common/pico_standard_link/binary_info.c.obj
 .rodata.update_us_since_boot.str1.4
                0x10009660       0x66 CMakeFiles/bitchordlab.dir/C_/Users/R2/.pico-sdk/sdk/1.5.1/src/rp2_common/pico_stdio/stdio.c.obj
 .rodata.crlf_str.2
                0x10009660        0x2 CMakeFiles/bitchordlab.dir/C_/Users/R2/.pico-sdk/sdk/1.5.1/src/rp2_common/pico_stdio/stdio.c.obj
 *fill*         0x10009662        0x2 
 .rodata.__func__.3
                0x10009664       0x15 CMakeFiles/bitchordlab.dir/C_/Users/R2/.pico-sdk/sdk/1.5.1/src/rp2_common/pico_stdio/stdio.c.obj
 *fill*         0x10009679        0x3 
 .rodata._resetd_driver
                0x1000967c       0x18 CMakeFiles/bitchordlab.dir/C_/Users/R2/.pico-sdk/sdk/1.5.1/src/rp2_common/pico_stdio_usb/reset_interface.c.obj
 .rodata.update_us_since_boot.str1.4
                0x10009694       0x66 CMakeFiles/bitchordlab.dir/C_/Users/R2/.pico-sdk/sdk/1.5.1/src/rp2_common/pico_stdio_usb/stdio_usb.c.obj
 .rodata.stdio_usb_init.str1.4
                0x10009694       0x52 CMakeFiles/bitchordlab.dir/C_/Users/R2/.pico-sdk/sdk/1.5.1/src/rp2_common/pico_stdio_usb/stdio_usb.c.obj
 .rodata.str1.4
                0x10009694       0x13 CMakeFiles/bitchordlab.dir/C_/Users/R2/.pico-sdk/sdk/1.5.1/src/rp2_common/pico_stdio_usb/stdio_usb.c.obj
 .rodata.__bi_182.0
                0x10009694        0xc CMakeFiles/bitchordlab.dir/C_/Users/R2/.pico-sdk/sdk/1.5.1/src/rp2_common/pico_stdio_usb/stdio_usb.c.obj
 .rodata.__func__.1
                0x100096a0        0xf CMakeFiles/bitchordlab.dir/C_/Users/R2/.pico-sdk/sdk/1.5.1/src/rp2_common/pico_stdio_usb/stdio_usb.c.obj
 *fill*         0x100096af        0x1 
 .rodata.__func__.3
                0x100096b0       0x15 CMakeFiles/bitchordlab.dir/C_/Users/R2/.pico-sdk/sdk/1.5.1/src/rp2_common/pico_stdio_usb/stdio_usb.c.obj
 .rodata.str1.4
                0x100096c5       0x2a CMakeFiles/bitchordlab.dir/C_/Users/R2/.pico-sdk/sdk/1.5.1/src/rp2_common/pico_stdio_usb/stdio_usb_descriptors.c.obj
 *fill*         0x100096c5        0x3 
 .rodata.usbd_desc_str
                0x100096c8       0x18 CMakeFiles/bitchordlab.dir/C_/Users/R2/.pico-sdk/sdk/1.5.1/src/rp2_common/pico_stdio_usb/stdio_usb_descriptors.c.obj
 .rodata.usbd_desc_cfg
                0x100096e0       0x54 CMakeFiles/bitchordlab.dir/C_/Users/R2/.pico-sdk/sdk/1.5.1/src/rp2_common/pico_stdio_usb/stdio_usb_descriptors.c.obj
 .rodata.usbd_desc_device
                0x10009734       0x12 CMakeFiles/bitchordlab.dir/C_/Users/R2/.pico-sdk/sdk/1.5.1/src/rp2_common/pico_stdio_usb/stdio_usb_descriptors.c.obj
 .rodata.pico_get_unique_board_id_string.str1.4
                0x10009746       0x52 CMakeFiles/bitchordlab.dir/C_/Users/R2/.pico-sdk/sdk/1.5.1/src/rp2_common/pico_unique_id/unique_id.c.obj
 *fill*         0x10009746        0x2 
 .rodata.__func__.0
                0x10009748       0x20 CMakeFiles/bitchordlab.dir/C_/Users/R2/.pico-sdk/sdk/1.5.1/src/rp2_common/pico_unique_id/unique_id.c.obj
 .rodata.str1.4
                0x10009768      0x15e CMakeFiles/bitchordlab.dir/C_/Users/R2/.pico-sdk/sdk/1.5.1/src/rp2_common/hardware_flash/flash.c.obj
 .rodata.__func__.0
                0x10009768        0xd CMakeFiles/bitchordlab.dir/C_/Users/R2/.pico-sdk/sdk/1.5.1/src/rp2_common/hardware_flash/flash.c.obj
 .rodata._hw_endpoint_alloc.str1.4
                0x10009775       0xbd CMakeFiles/bitchordlab.dir/C_/Users/R2/.pico-sdk/sdk/1.5.1/lib/tinyusb/src/portable/raspberrypi/rp2040/dcd_rp2040.c.obj
 .rodata.str1.4
                0x10009775       0x14 CMakeFiles/bitchordlab.dir/C_/Users/R2/.pico-sdk/sdk/1.5.1/lib/tinyusb/src/portable/raspberrypi/rp2040/dcd_rp2040.c.obj
 .rodata.dcd_int_enable.str1.4
                0x10009775        0xc CMakeFiles/bitchordlab.dir/C_/Users/R2/.pico-sdk/sdk/1.5.1/lib/tinyusb/src/portable/raspberrypi/rp2040/dcd_rp2040.c.obj
 *fill*         0x10009775        0x3 
 .rodata.__func__.0
                0x10009778        0xe CMakeFiles/bitchordlab.dir/C_/Users/R2/.pico-sdk/sdk/1.5.1/lib/tinyusb/src/portable/raspberrypi/rp2040/dcd_rp2040.c.obj
 *fill*         0x10009786        0x2 
 .rodata.__func__.1
                0x10009788        0xe CMakeFiles/bitchordlab.dir/C_/Users/R2/.pico-sdk/sdk/1.5.1/lib/tinyusb/src/portable/raspberrypi/rp2040/dcd_rp2040.c.obj
 *fill*         0x10009796        0x2 
 .rodata.__func__.3
                0x10009798       0x10 CMakeFiles/bitchordlab.dir/C_/Users/R2/.pico-sdk/sdk/1.5.1/lib/tinyusb/src/portable/raspberrypi/rp2040/dcd_rp2040.c.obj
 .rodata.__func__.5
                0x100097a8        0xf CMakeFiles/bitchordlab.dir/C_/Users/R2/.pico-sdk/sdk/1.5.1/lib/tinyusb/src/portable/raspberrypi/rp2040/dcd_rp2040.c.obj
 *fill*         0x100097b7        0x1 
 .rodata.__func__.6
                0x100097b8       0x13 CMakeFiles/bitchordlab.dir/C_/Users/R2/.pico-sdk/sdk/1.5.1/lib/tinyusb/src/portable/raspberrypi/rp2040/dcd_rp2040.c.obj
 *fill*         0x100097cb        0x1 
 .rodata.__func__.7
                0x100097cc        0x9 CMakeFiles/bitchordlab.dir/C_/Users/R2/.pico-sdk/sdk/1.5.1/lib/tinyusb/src/portable/raspberrypi/rp2040/dcd_rp2040.c.obj
 .rodata.str1.4
                0x100097d5       0xef CMakeFiles/bitchordlab.dir/C_/Users/R2/.pico-sdk/sdk/1.5.1/lib/tinyusb/src/portable/raspberrypi/rp2040/rp2040_usb.c.obj
 *fill*         0x100097d5        0x3 
 .rodata.__func__.0
                0x100097d8        0xf CMakeFiles/bitchordlab.dir/C_/Users/R2/.pico-sdk/sdk/1.5.1/lib/tinyusb/src/portable/raspberrypi/rp2040/rp2040_usb.c.obj
 *fill*         0x100097e7        0x1 
 .rodata.process_get_descriptor
                0x100097e8       0x40 CMakeFiles/bitchordlab.dir/C_/Users/R2/.pico-sdk/sdk/1.5.1/lib/tinyusb/src/device/usbd.c.obj
 .rodata.process_control_request
                0x10009828       0x28 CMakeFiles/bitchordlab.dir/C_/Users/R2/.pico-sdk/sdk/1.5.1/lib/tinyusb/src/device/usbd.c.obj
 .rodata.tud_task_ext
                0x10009850       0x24 CMakeFiles/bitchordlab.dir/C_/Users/R2/.pico-sdk/sdk/1.5.1/lib/tinyusb/src/device/usbd.c.obj
 .rodata._usbd_driver
                0x10009874       0x18 CMakeFiles/bitchordlab.dir/C_/Users/R2/.pico-sdk/sdk/1.5.1/lib/tinyusb/src/device/usbd.c.obj
 .rodata._pio_find_offset_for_program.str1.4
                0x1000988c       0x6e CMakeFiles/bitchordlab.dir/C_/Users/R2/.pico-sdk/sdk/1.5.1/src/rp2_common/hardware_pio/pio.c.obj
 .rodata._pio_add_program_at_offset.str1.4
                0x1000988c       0x11 CMakeFiles/bitchordlab.dir/C_/Users/R2/.pico-sdk/sdk/1.5.1/src/rp2_common/hardware_pio/pio.c.obj
 .rodata.pio_claim_unused_sm.str1.4